Microchip MPLAB XC8 Compiler V2.50

Linker command line:

-W-3 --edf=D:\Installations\pic\dat\20240725155939_en.msgs -cn \
  -h+dist/default/production\timer-example.X.production.sym \
  --cmf=dist/default/production\timer-example.X.production.cmf -z -Q12F675 \
  -oC:\Users\Clovisf\AppData\Local\Temp\xcAs1m0.\driver_tmp_3.o \
  --defsym=__MPLAB_BUILD=1 --fixupoverflow=error \
  -Mdist/default/production/timer-example.X.production.map \
  --md=C:\Users\Clovisf\AppData\Local\Temp\xcAs1m0.\driver_tmp_0.dat -E1 \
  -ver=XC8 Compiler --acfsm=1493 -ACODE=00h-03FEh -ASTRCODE=00h-03FEh \
  -ASTRING=00h-0FFhx3,0300h-03FEh -ACONST=00h-0FFhx3,0300h-03FEh \
  -AENTRY=00h-0FFhx3,0300h-03FEh -ABANK0=020h-05Dh -ARAM=020h-05Dh \
  -AABS1=020h-05Fh -ACOMMON=05Eh-05Fh -ASFR0=00h-01Fh -ASFR1=080h-0DDh \
  -ACONFIG=02007h-02007h -DCONFIG=2 -AIDLOC=02000h-02003h -DIDLOC=2 \
  -AEEDATA=00h-07Fh/02100h -peeprom_data=EEDATA -DEEDATA=2 -DCODE=2 \
  -DSTRCODE=2 -DSTRING=2 -DCONST=2 -DENTRY=2 \
  -preset_vec=00h,intentry=04h,sivt,init,end_init -ppowerup=CODE \
  -pcinit=CODE -pfunctab=ENTRY -posccal=03FFh -k \
  C:\Users\Clovisf\AppData\Local\Temp\xcAs1m0.\driver_tmp_12.o \
  dist/default/production\timer-example.X.production.o 

Object code version is 3.11

Machine type is 12F675



                Name                               Link     Load   Length Selector   Space Scale
C:\Users\Clovisf\AppData\Local\Temp\xcAs1m0.\driver_tmp_12.o
                end_init                              B        B        1        8       0
                reset_vec                             0        0        1        0       0
dist/default/production\timer-example.X.production.o
                cinit                                 C        C        5        8       0
                intentry                              4        4        7        8       0
                text1                                32       32       14        8       0
                maintext                             11       11       21        8       0
                cstackBANK0                          22       22        2       20       1
                bssBANK0                             20       20        2       20       1

TOTAL           Name                               Link     Load   Length     Space
        CLASS   CODE           
                end_init                              B        B        1         0
                cinit                                 C        C        5         0
                intentry                              4        4        7         0
                reset_vec                             0        0        1         0
                text1                                32       32       14         0
                maintext                             11       11       21         0

        CLASS   STRCODE        

        CLASS   STRING         

        CLASS   CONST          

        CLASS   ENTRY          

        CLASS   BANK0          
                cstackBANK0                          22       22        2         1
                bssBANK0                             20       20        2         1

        CLASS   RAM            

        CLASS   ABS1           
                abs_s1                               5E       5E        2         1

        CLASS   COMMON         

        CLASS   SFR0           

        CLASS   SFR1           

        CLASS   CONFIG         

        CLASS   IDLOC          

        CLASS   EEDATA         

        CLASS   BANK1          

        CLASS   HEAP           

        CLASS   STACK          



SEGMENTS        Name                           Load    Length   Top    Selector   Space  Class     Delta

                reset_vec                      000000  000001  000001         0       0  CODE        2
                intentry                       000004  000042  000046         8       0  CODE        2
                bssBANK0                       000020  000004  000024        20       1  BANK0       1


UNUSED ADDRESS RANGES

        Name                Unused          Largest block    Delta
        BANK0            024-05D            3A           1
        CODE             001-003             3           2
                         046-3FE           3B9
        CONFIG           2007-2007             1           2
        CONST            001-003             3           2
                         046-3FE           100
        EEDATA           2100-217F            80           2
        ENTRY            001-003             3           2
                         046-3FE           100
        IDLOC            2000-2003             4           2
        RAM              024-05D            3A           1
        SFR0             000-01F            20           1
        SFR1             080-0DD            5E           1
        STRCODE          001-003             3           2
                         046-3FE           3B9
        STRING           001-003             3           2
                         046-3FE           100

                                  Symbol Table

_GPIObits                (abs)        005
_INTCON                  (abs)        00B
_ISR                     text1        032
_OPTION_REG              (abs)        081
_TMR0                    (abs)        001
_TMR0IF                  (abs)        05A
_TRISIO                  (abs)        085
__H__absolute__          __absolute__ 000
__Habs1                  abs1         7FE
__Hbank0                 bank0        7FE
__Hbank1                 bank1        7FE
__HbssBANK0              bssBANK0     7FE
__Hcinit                 cinit        011
__Hclrtext               clrtext      7FE
__Hcode                  code         7FE
__Hcommon                common       7FE
__HcstackBANK0           cstackBANK0  7FE
__HcstackCOMMON          cstackCOMMON 7FE
__Heeprom_data           eeprom_data  000
__Hend_init              end_init     00C
__Hfunctab               functab      000
__Hheap                  heap         7FE
__Hinit                  init         00B
__Hintentry              intentry     00B
__Hmaintext              maintext     7FE
__Hosccal                osccal       3FF
__Hpowerup               powerup      000
__Hram                   ram          7FE
__Hreset_vec             reset_vec    001
__Hsfr0                  sfr0         7FE
__Hsfr1                  sfr1         7FE
__Hsivt                  sivt         00B
__Hspace_0               (abs)        7FE
__Hspace_1               (abs)        7FE
__Hspace_2               (abs)        7FE
__Hspace_3               (abs)        000
__Hstack                 stack        7FE
__Hstrings               strings      7FE
__Htext                  text         7FE
__L__absolute__          __absolute__ 000
__Labs1                  abs1         7FE
__Lbank0                 bank0        7FE
__Lbank1                 bank1        7FE
__LbssBANK0              bssBANK0     7FE
__Lcinit                 cinit        00C
__Lclrtext               clrtext      7FE
__Lcode                  code         7FE
__Lcommon                common       7FE
__LcstackBANK0           cstackBANK0  7FE
__LcstackCOMMON          cstackCOMMON 7FE
__Leeprom_data           eeprom_data  000
__Lend_init              end_init     00B
__Lfunctab               functab      000
__Lheap                  heap         7FE
__Linit                  init         00B
__Lintentry              intentry     004
__Lmaintext              maintext     7FE
__Losccal                osccal       3FF
__Lpowerup               powerup      000
__Lram                   ram          7FE
__Lreset_vec             reset_vec    000
__Lsfr0                  sfr0         7FE
__Lsfr1                  sfr1         7FE
__Lsivt                  sivt         00B
__Lspace_0               (abs)        000
__Lspace_1               (abs)        000
__Lspace_2               (abs)        000
__Lspace_3               (abs)        000
__Lstack                 stack        7FE
__Lstrings               strings      7FE
__Ltext                  text         7FE
__S0                     (abs)        046
__S1                     (abs)        024
__S3                     (abs)        000
___heap_hi               (abs)        000
___heap_lo               (abs)        000
___int_sp                stack        7FE
___int_stack_hi          stack        7FE
___int_stack_lo          stack        7FE
___latbits               (abs)        000
___osccal_val            osccal       3FF
___sp                    stack        7FE
___stack_hi              stack        7FE
___stack_lo              stack        7FE
___stackhi               (abs)        000
___stacklo               (abs)        000
__end_of_ISR             text1        046
__end_of__initialization cinit        00F
__end_of_main            maintext     032
__initialization         cinit        00C
__pbssBANK0              bssBANK0     020
__pcstackBANK0           cstackBANK0  022
__pcstackCOMMON          cstackCOMMON 000
__pintentry              intentry     004
__pmaintext              maintext     011
__ptext1                 text1        032
_cnt                     bssBANK0     020
_main                    maintext     011
btemp                    (abs)        05E
end_of_initialization    cinit        00F
interrupt_function       intentry     004
intlevel0                functab      000
intlevel1                functab      000
intlevel2                functab      000
intlevel3                functab      000
intlevel4                functab      000
intlevel5                functab      000
reset_vec                reset_vec    000
saved_w                  (abs)        05E
start                    init         00B
start_initialization     cinit        00C
wtemp0                   (abs)        05E


MODULE INFORMATION

Module		Function		Class		Link	Load	Size
shared
		__initialization		CODE           	000C	0000	3

shared estimated size: 3

main.c
		_ISR           		CODE           	0032	0000	20
		_main          		CODE           	0011	0000	33

main.c estimated size: 53

