Microchip MPLAB XC8 Compiler V2.46

Linker command line:

-W-3 \
  --edf=C:\Program Files\Microchip\xc8\v2.46\pic\dat\20240104201356_en.msgs \
  -cn -h+dist/default/production\timer0-compiler_2_46.X.production.sym \
  --cmf=dist/default/production\timer0-compiler_2_46.X.production.cmf -z \
  -Q12F675 -oC:\Users\Clovisf\AppData\Local\Temp\xcAs30c.\driver_tmp_3.o \
  --defsym=__MPLAB_BUILD=1 --fixupoverflow=error \
  -Mdist/default/production/timer0-compiler_2_46.X.production.map \
  --md=C:\Users\Clovisf\AppData\Local\Temp\xcAs30c.\driver_tmp_0.dat -E1 \
  -ver=XC8 Compiler --acfsm=1493 -ACODE=00h-03FEh -ASTRCODE=00h-03FEh \
  -ASTRING=00h-0FFhx3,0300h-03FEh -ACONST=00h-0FFhx3,0300h-03FEh \
  -AENTRY=00h-0FFhx3,0300h-03FEh -ABANK0=020h-05Dh -ARAM=020h-05Dh \
  -AABS1=020h-05Fh -ACOMMON=05Eh-05Fh -ASFR0=00h-01Fh -ASFR1=080h-0DDh \
  -ACONFIG=02007h-02007h -DCONFIG=2 -AIDLOC=02000h-02003h -DIDLOC=2 \
  -AEEDATA=00h-07Fh/02100h -peeprom_data=EEDATA -DEEDATA=2 -DCODE=2 \
  -DSTRCODE=2 -DSTRING=2 -DCONST=2 -DENTRY=2 \
  -preset_vec=00h,intentry=04h,sivt,init,end_init -ppowerup=CODE \
  -pcinit=CODE -pfunctab=ENTRY -posccal=03FFh -k \
  C:\Users\Clovisf\AppData\Local\Temp\xcAs30c.\driver_tmp_12.o \
  dist/default/production\timer0-compiler_2_46.X.production.o 

Object code version is 3.11

Machine type is 12F675



                Name                               Link     Load   Length Selector   Space Scale
C:\Users\Clovisf\AppData\Local\Temp\xcAs30c.\driver_tmp_12.o
                end_init                              D        D        1        8       0
                reset_vec                             0        0        1        0       0
                config                             2007     2007        1        0       4
dist/default/production\timer0-compiler_2_46.X.production.o
                cinit                                 E        E        7        8       0
                intentry                              4        4        9        8       0
                config                             2007     2007        1        0       4
                text3                                D8       D8       26        8       0
                text2                               11B      11B       11        8       0
                text1                                15       15       C3        8       0
                maintext                             FE       FE       1D        8       0
                cstackBANK0                          2D       2D        9       20       1
                clrtext                             12C      12C        8        8       0
                bssBANK0                             20       20        D       20       1

TOTAL           Name                               Link     Load   Length     Space
        CLASS   CODE           
                end_init                              D        D        1         0
                cinit                                 E        E        7         0
                intentry                              4        4        9         0
                reset_vec                             0        0        1         0
                text3                                D8       D8       26         0
                text2                               11B      11B       11         0
                text1                                15       15       C3         0
                maintext                             FE       FE       1D         0
                clrtext                             12C      12C        8         0

        CLASS   STRCODE        

        CLASS   STRING         

        CLASS   CONST          

        CLASS   ENTRY          

        CLASS   BANK0          
                cstackBANK0                          2D       2D        9         1
                bssBANK0                             20       20        D         1

        CLASS   RAM            

        CLASS   ABS1           
                abs_s1                               5E       5E        2         1

        CLASS   COMMON         

        CLASS   SFR0           

        CLASS   SFR1           

        CLASS   CONFIG         
                config                             2007     2007        1         4

        CLASS   IDLOC          

        CLASS   EEDATA         

        CLASS   BANK1          

        CLASS   HEAP           

        CLASS   STACK          



SEGMENTS        Name                           Load    Length   Top    Selector   Space  Class     Delta

                reset_vec                      000000  000001  000001         0       0  CODE        2
                intentry                       000004  000130  000134         8       0  CODE        2
                bssBANK0                       000020  000016  000036        20       1  BANK0       1


UNUSED ADDRESS RANGES

        Name                Unused          Largest block    Delta
        BANK0            0036-005D             28           1
        CODE             0001-0003              3           2
                         0134-03FE            2CB
        CONST            0001-0003              3           2
                         0134-03FE            100
        EEDATA           2100-217F             80           2
        ENTRY            0001-0003              3           2
                         0134-03FE            100
        IDLOC            2000-2003              4           2
        RAM              0036-005D             28           1
        SFR0             0000-001F             20           1
        SFR1             0080-00DD             5E           1
        STRCODE          0001-0003              3           2
                         0134-03FE            2CB
        STRING           0001-0003              3           2
                         0134-03FE            100

                                  Symbol Table

?___wmul                 cstackBANK0  002D
_ADCON0                  (abs)        001F
_ADON                    (abs)        00F8
_ADRESH                  (abs)        001E
_ADRESL                  (abs)        009E
_ANSEL                   (abs)        009F
_CMCON                   (abs)        0019
_GO_nDONE                (abs)        00F9
_GP2                     (abs)        002A
_GP5                     (abs)        002D
_INTCON                  (abs)        000B
_OPTION_REG              (abs)        0081
_OSCCAL                  (abs)        0090
_TMR0                    (abs)        0001
_TMR0IF                  (abs)        005A
_TRISIO                  (abs)        0085
_WPU                     (abs)        0095
__H__absolute__          __absolute__ 0000
__Habs1                  abs1         07FE
__Hbank0                 bank0        07FE
__Hbank1                 bank1        07FE
__HbssBANK0              bssBANK0     07FE
__Hcinit                 cinit        0015
__Hclrtext               clrtext      07FE
__Hcode                  code         07FE
__Hcommon                common       07FE
__Hconfig                config       2008
__HcstackBANK0           cstackBANK0  07FE
__HcstackCOMMON          cstackCOMMON 07FE
__Heeprom_data           eeprom_data  0000
__Hend_init              end_init     000E
__Hfunctab               functab      0000
__Hheap                  heap         07FE
__Hinit                  init         000D
__Hintentry              intentry     000D
__Hmaintext              maintext     07FE
__Hosccal                osccal       03FF
__Hpowerup               powerup      0000
__Hram                   ram          07FE
__Hreset_vec             reset_vec    0001
__Hsfr0                  sfr0         07FE
__Hsfr1                  sfr1         07FE
__Hsivt                  sivt         000D
__Hspace_0               (abs)        07FE
__Hspace_1               (abs)        07FE
__Hspace_2               (abs)        07FE
__Hspace_3               (abs)        0000
__Hspace_4               (abs)        400F
__Hstack                 stack        07FE
__Hstrings               strings      07FE
__Htext                  text         07FE
__L__absolute__          __absolute__ 0000
__Labs1                  abs1         07FE
__Lbank0                 bank0        07FE
__Lbank1                 bank1        07FE
__LbssBANK0              bssBANK0     07FE
__Lcinit                 cinit        000E
__Lclrtext               clrtext      07FE
__Lcode                  code         07FE
__Lcommon                common       07FE
__Lconfig                config       0000
__LcstackBANK0           cstackBANK0  07FE
__LcstackCOMMON          cstackCOMMON 07FE
__Leeprom_data           eeprom_data  0000
__Lend_init              end_init     000D
__Lfunctab               functab      0000
__Lheap                  heap         07FE
__Linit                  init         000D
__Lintentry              intentry     0004
__Lmaintext              maintext     07FE
__Losccal                osccal       03FF
__Lpowerup               powerup      0000
__Lram                   ram          07FE
__Lreset_vec             reset_vec    0000
__Lsfr0                  sfr0         07FE
__Lsfr1                  sfr1         07FE
__Lsivt                  sivt         000D
__Lspace_0               (abs)        0000
__Lspace_1               (abs)        0000
__Lspace_2               (abs)        0000
__Lspace_3               (abs)        0000
__Lspace_4               (abs)        0000
__Lstack                 stack        07FE
__Lstrings               strings      07FE
__Ltext                  text         07FE
__S0                     (abs)        0134
__S1                     (abs)        0036
__S3                     (abs)        0000
___heap_hi               (abs)        0000
___heap_lo               (abs)        0000
___int_sp                stack        07FE
___int_stack_hi          stack        07FE
___int_stack_lo          stack        07FE
___latbits               (abs)        0000
___osccal_val            osccal       03FF
___sp                    stack        07FE
___stack_hi              stack        07FE
___stack_lo              stack        07FE
___stackhi               (abs)        0000
___stacklo               (abs)        0000
___wmul                  text3        00D8
___wmul@multiplicand     cstackBANK0  002F
___wmul@multiplier       cstackBANK0  002D
___wmul@product          cstackBANK0  0031
__end_of___wmul          text3        00FE
__end_of__initialization cinit        0013
__end_of_driveLED        text2        012C
__end_of_isr             text1        00D8
__end_of_main            maintext     011B
__initialization         cinit        000E
__pbssBANK0              bssBANK0     0020
__pcstackBANK0           cstackBANK0  002D
__pcstackCOMMON          cstackCOMMON 0000
__pintentry              intentry     0004
__pmaintext              maintext     00FE
__ptext1                 text1        0015
__ptext2                 text2        011B
__ptext3                 text3        00D8
_activateBuzzer          bssBANK0     0022
_buzzerCount             bssBANK0     0020
_counter                 bssBANK0     002C
_driveLED                text2        011B
_enableCounter           bssBANK0     0024
_isr                     text1        0015
_main                    maintext     00FE
_reading                 bssBANK0     0028
_timerminutes            bssBANK0     002A
_voltageX10              bssBANK0     0026
btemp                    (abs)        005E
clear_ram0               clrtext      012C
driveLED@i               cstackBANK0  002D
end_of_initialization    cinit        0013
interrupt_function       intentry     0004
intlevel0                functab      0000
intlevel1                functab      0000
intlevel2                functab      0000
intlevel3                functab      0000
intlevel4                functab      0000
intlevel5                functab      0000
reset_vec                reset_vec    0000
saved_w                  (abs)        005E
start                    init         000D
start_initialization     cinit        000E
wtemp0                   (abs)        005E


MODULE INFORMATION

Module		Function		Class		Link	Load	Size
shared
		__initialization		CODE           	000E	0000	5

shared estimated size: 5

C:\Program Files\Microchip\xc8\v2.46\pic\sources\c99\common\Umul16.c
		___wmul        		CODE           	00D8	0000	38

C:\Program Files\Microchip\xc8\v2.46\pic\sources\c99\common\Umul16.c estimated size: 38

main.c
		_driveLED      		CODE           	011B	0000	17
		_main          		CODE           	00FE	0000	29
		_isr           		CODE           	0015	0000	195

main.c estimated size: 241

