Microchip MPLAB XC8 Compiler V2.50

Linker command line:

-W-3 --edf=D:\Installations\pic\dat\20240725155939_en.msgs -cn \
  -h+dist/default/production\egg-timer-2.X.production.sym \
  --cmf=dist/default/production\egg-timer-2.X.production.cmf -z -Q12F675 \
  -oC:\Users\Clovisf\AppData\Local\Temp\xcAs4gs.\driver_tmp_3.o \
  --defsym=__MPLAB_BUILD=1 --fixupoverflow=error \
  -Mdist/default/production/egg-timer-2.X.production.map \
  --md=C:\Users\Clovisf\AppData\Local\Temp\xcAs4gs.\driver_tmp_0.dat -E1 \
  -ver=XC8 Compiler --acfsm=1493 -ACODE=00h-03FEh -ASTRCODE=00h-03FEh \
  -ASTRING=00h-0FFhx3,0300h-03FEh -ACONST=00h-0FFhx3,0300h-03FEh \
  -AENTRY=00h-0FFhx3,0300h-03FEh -ABANK0=020h-05Dh -ARAM=020h-05Dh \
  -AABS1=020h-05Fh -ACOMMON=05Eh-05Fh -ASFR0=00h-01Fh -ASFR1=080h-0DDh \
  -ACONFIG=02007h-02007h -DCONFIG=2 -AIDLOC=02000h-02003h -DIDLOC=2 \
  -AEEDATA=00h-07Fh/02100h -peeprom_data=EEDATA -DEEDATA=2 -DCODE=2 \
  -DSTRCODE=2 -DSTRING=2 -DCONST=2 -DENTRY=2 \
  -preset_vec=00h,intentry=04h,sivt,init,end_init -ppowerup=CODE \
  -pcinit=CODE -pfunctab=ENTRY -posccal=03FFh -k \
  C:\Users\Clovisf\AppData\Local\Temp\xcAs4gs.\driver_tmp_12.o \
  dist/default/production\egg-timer-2.X.production.o 

Object code version is 3.11

Machine type is 12F675



                Name                               Link     Load   Length Selector   Space Scale
C:\Users\Clovisf\AppData\Local\Temp\xcAs4gs.\driver_tmp_12.o
                end_init                              D        D        1        8       0
                reset_vec                             0        0        1        0       0
                config                             2007     2007        1        0       4
dist/default/production\egg-timer-2.X.production.o
                cinit                                 E        E        7        8       0
                intentry                              4        4        9        8       0
                config                             2007     2007        1        0       4
                text2                                15       15       FD        8       0
                text1                               1AB      1AB        D        8       0
                maintext                            112      112       99        8       0
                cstackBANK0                          44       44        7       20       1
                clrtext                             1B8      1B8        8        8       0
                bssBANK0                             20       20       24       20       1

TOTAL           Name                               Link     Load   Length     Space
        CLASS   CODE           
                end_init                              D        D        1         0
                cinit                                 E        E        7         0
                intentry                              4        4        9         0
                reset_vec                             0        0        1         0
                text2                                15       15       FD         0
                text1                               1AB      1AB        D         0
                maintext                            112      112       99         0
                clrtext                             1B8      1B8        8         0

        CLASS   STRCODE        

        CLASS   STRING         

        CLASS   CONST          

        CLASS   ENTRY          

        CLASS   BANK0          
                cstackBANK0                          44       44        7         1
                bssBANK0                             20       20       24         1

        CLASS   RAM            

        CLASS   ABS1           
                abs_s1                               5E       5E        2         1

        CLASS   COMMON         

        CLASS   SFR0           

        CLASS   SFR1           

        CLASS   CONFIG         
                config                             2007     2007        1         4

        CLASS   IDLOC          

        CLASS   EEDATA         

        CLASS   BANK1          

        CLASS   HEAP           

        CLASS   STACK          



SEGMENTS        Name                           Load    Length   Top    Selector   Space  Class     Delta

                reset_vec                      000000  000001  000001         0       0  CODE        2
                intentry                       000004  0001BC  0001C0         8       0  CODE        2
                bssBANK0                       000020  00002B  00004B        20       1  BANK0       1


UNUSED ADDRESS RANGES

        Name                Unused          Largest block    Delta
        BANK0            004B-005D             13           1
        CODE             0001-0003              3           2
                         01C0-03FE            23F
        CONST            0001-0003              3           2
                         01C0-03FE            100
        EEDATA           2100-217F             80           2
        ENTRY            0001-0003              3           2
                         01C0-03FE            100
        IDLOC            2000-2003              4           2
        RAM              004B-005D             13           1
        SFR0             0000-001F             20           1
        SFR1             0080-00DD             5E           1
        STRCODE          0001-0003              3           2
                         01C0-03FE            23F
        STRING           0001-0003              3           2
                         01C0-03FE            100

                                  Symbol Table

?_Read_Adc               cstackBANK0  0049
_ADCON0                  (abs)        001F
_ADCON0bits              (abs)        001F
_ADRESH                  (abs)        001E
_ADRESL                  (abs)        009E
_ANSEL                   (abs)        009F
_CMCON                   (abs)        0019
_GP2                     (abs)        002A
_GP5                     (abs)        002D
_INTCON                  (abs)        000B
_ISR                     text2        0015
_OPTION_REG              (abs)        0081
_OSCCAL                  (abs)        0090
_Read_Adc                text1        01AB
_T0IF                    (abs)        005A
_TMR0                    (abs)        0001
_TRISIO                  (abs)        0085
_WPU                     (abs)        0095
__H__absolute__          __absolute__ 0000
__Habs1                  abs1         07FE
__Hbank0                 bank0        07FE
__Hbank1                 bank1        07FE
__HbssBANK0              bssBANK0     07FE
__Hcinit                 cinit        0015
__Hclrtext               clrtext      07FE
__Hcode                  code         07FE
__Hcommon                common       07FE
__Hconfig                config       2008
__HcstackBANK0           cstackBANK0  07FE
__HcstackCOMMON          cstackCOMMON 07FE
__Heeprom_data           eeprom_data  0000
__Hend_init              end_init     000E
__Hfunctab               functab      0000
__Hheap                  heap         07FE
__Hinit                  init         000D
__Hintentry              intentry     000D
__Hmaintext              maintext     07FE
__Hosccal                osccal       03FF
__Hpowerup               powerup      0000
__Hram                   ram          07FE
__Hreset_vec             reset_vec    0001
__Hsfr0                  sfr0         07FE
__Hsfr1                  sfr1         07FE
__Hsivt                  sivt         000D
__Hspace_0               (abs)        07FE
__Hspace_1               (abs)        07FE
__Hspace_2               (abs)        07FE
__Hspace_3               (abs)        0000
__Hspace_4               (abs)        400F
__Hstack                 stack        07FE
__Hstrings               strings      07FE
__Htext                  text         07FE
__L__absolute__          __absolute__ 0000
__Labs1                  abs1         07FE
__Lbank0                 bank0        07FE
__Lbank1                 bank1        07FE
__LbssBANK0              bssBANK0     07FE
__Lcinit                 cinit        000E
__Lclrtext               clrtext      07FE
__Lcode                  code         07FE
__Lcommon                common       07FE
__Lconfig                config       0000
__LcstackBANK0           cstackBANK0  07FE
__LcstackCOMMON          cstackCOMMON 07FE
__Leeprom_data           eeprom_data  0000
__Lend_init              end_init     000D
__Lfunctab               functab      0000
__Lheap                  heap         07FE
__Linit                  init         000D
__Lintentry              intentry     0004
__Lmaintext              maintext     07FE
__Losccal                osccal       03FF
__Lpowerup               powerup      0000
__Lram                   ram          07FE
__Lreset_vec             reset_vec    0000
__Lsfr0                  sfr0         07FE
__Lsfr1                  sfr1         07FE
__Lsivt                  sivt         000D
__Lspace_0               (abs)        0000
__Lspace_1               (abs)        0000
__Lspace_2               (abs)        0000
__Lspace_3               (abs)        0000
__Lspace_4               (abs)        0000
__Lstack                 stack        07FE
__Lstrings               strings      07FE
__Ltext                  text         07FE
__S0                     (abs)        01C0
__S1                     (abs)        004B
__S3                     (abs)        0000
___heap_hi               (abs)        0000
___heap_lo               (abs)        0000
___int_sp                stack        07FE
___int_stack_hi          stack        07FE
___int_stack_lo          stack        07FE
___latbits               (abs)        0000
___osccal_val            osccal       03FF
___sp                    stack        07FE
___stack_hi              stack        07FE
___stack_lo              stack        07FE
___stackhi               (abs)        0000
___stacklo               (abs)        0000
__end_of_ISR             text2        0112
__end_of_Read_Adc        text1        01B8
__end_of__initialization cinit        0013
__end_of_main            maintext     01AB
__initialization         cinit        000E
__pbssBANK0              bssBANK0     0020
__pcstackBANK0           cstackBANK0  0044
__pcstackCOMMON          cstackCOMMON 0000
__pintentry              intentry     0004
__pmaintext              maintext     0112
__ptext1                 text1        01AB
__ptext2                 text2        0015
_adc_value               bssBANK0     0036
_buttonclicks            bssBANK0     0042
_buttonstimer            bssBANK0     003C
_buttontimercounter      bssBANK0     002E
_canstartblinking        bssBANK0     0034
_counttime               bssBANK0     002A
_enterbuttontimercounter bssBANK0     0030
_finalquantity           bssBANK0     0024
_ledtimer                bssBANK0     003E
_main                    maintext     0112
_processbuttonclicks     bssBANK0     0032
_start                   bssBANK0     003A
_startbutton             bssBANK0     0038
_starttimer              bssBANK0     002C
_timecontrol             bssBANK0     0026
btemp                    (abs)        005E
clear_ram0               clrtext      01B8
end_of_initialization    cinit        0013
interrupt_function       intentry     0004
intlevel0                functab      0000
intlevel1                functab      0000
intlevel2                functab      0000
intlevel3                functab      0000
intlevel4                functab      0000
intlevel5                functab      0000
reset_vec                reset_vec    0000
saved_w                  (abs)        005E
start                    init         000D
start_initialization     cinit        000E
wtemp0                   (abs)        005E


MODULE INFORMATION

Module		Function		Class		Link	Load	Size
shared
		__initialization		CODE           	000E	0000	5

shared estimated size: 5

main.c
		_ISR           		CODE           	0015	0000	253
		_main          		CODE           	0112	0000	153
		_Read_Adc      		CODE           	01AB	0000	13

main.c estimated size: 419

