

Microchip MPLAB XC8 Assembler V2.50 build 20240725155939 
                                                                                               Sun May 03 14:31:20 2026

Microchip MPLAB XC8 C Compiler v2.50 (Free license) build 20240725155939 Og1 
     1                           	processor	12F675
     2                           	pagewidth 120
     3                           	opt	flic
     4                           	psect	idataBANK0,global,class=CODE,space=0,delta=2,noexec
     5                           	psect	cinit,global,class=CODE,space=0,merge=1,delta=2
     6                           	psect	bssBANK0,global,class=BANK0,space=1,delta=1,noexec
     7                           	psect	dataBANK0,global,class=BANK0,space=1,delta=1,noexec
     8                           	psect	clrtext,global,class=CODE,space=0,delta=2
     9                           	psect	cstackCOMMON,global,class=COMMON,space=1,delta=1,noexec
    10                           	psect	cstackBANK0,global,class=BANK0,space=1,delta=1,noexec
    11                           	psect	maintext,global,class=CODE,space=0,split=1,delta=2
    12                           	psect	text1,local,class=CODE,space=0,merge=1,delta=2
    13                           	psect	text2,local,class=CODE,space=0,merge=1,delta=2
    14                           	psect	intentry,global,class=CODE,space=0,delta=2
    15                           	psect	config,global,abs,ovrld,class=CONFIG,space=4,delta=2,noexec
    16                           	dabs	1,0x5E,2
    17     0000                     
    18                           ; Generated 17/08/2023 GMT
    19                           ; 
    20                           ; Copyright © 2023, Microchip Technology Inc. and its subsidiaries ("Microchip")
    21                           ; All rights reserved.
    22                           ; 
    23                           ; This software is developed by Microchip Technology Inc. and its subsidiaries ("Microch
      +                          ip").
    24                           ; 
    25                           ; Redistribution and use in source and binary forms, with or without modification, are
    26                           ; permitted provided that the following conditions are met:
    27                           ; 
    28                           ;     1. Redistributions of source code must retain the above copyright notice, this lis
      +                          t of
    29                           ;        conditions and the following disclaimer.
    30                           ; 
    31                           ;     2. Redistributions in binary form must reproduce the above copyright notice, this 
      +                          list
    32                           ;        of conditions and the following disclaimer in the documentation and/or other
    33                           ;        materials provided with the distribution. Publication is not required when
    34                           ;        this file is used in an embedded application.
    35                           ; 
    36                           ;     3. Microchip's name may not be used to endorse or promote products derived from th
      +                          is
    37                           ;        software without specific prior written permission.
    38                           ; 
    39                           ; THIS SOFTWARE IS PROVIDED BY MICROCHIP "AS IS" AND ANY EXPRESS OR IMPLIED WARRANTIES,
    40                           ; INCLUDING, BUT NOT LIMITED TO, THE IMPLIED WARRANTIES OF MERCHANTABILITY AND FITNESS F
      +                          OR
    41                           ; PURPOSE ARE DISCLAIMED.  IN NO EVENT SHALL MICROCHIP BE LIABLE FOR ANY DIRECT, INDIREC
      +                          T,
    42                           ; INCIDENTAL, SPECIAL, EXEMPLARY, OR CONSEQUENTIAL DAMAGES (INCLUDING BUT NOT LIMITED TO
    43                           ; PROCUREMENT OF SUBSTITUTE GOODS OR SERVICES; LOSS OF USE, DATA OR PROFITS; OR BUSINESS
    44                           ; INTERRUPTION) HOWSOEVER CAUSED AND ON ANY THEORY OF LIABILITY, WHETHER IN CONTRACT, ST
      +                          RICT
    45                           ; LIABILITY, OR TORT (INCLUDING NEGLIGENCE OR OTHERWISE) ARISING IN ANY WAY OUT OF THE U
      +                          SE OF
    46                           ; THIS SOFTWARE, EVEN IF ADVISED OF THE POSSIBILITY OF SUCH DAMAGE.
    47                           ; 
    48                           ; 
    49                           ; Code-generator required, PIC12F675 Definitions
    50                           ; 
    51                           ; SFR Addresses
    52     0004                     fsr             equ	4
    53     0004                     fsr0            equ	4
    54     0000                     indf            equ	0
    55     0000                     indf0           equ	0
    56     0002                     pc              equ	2
    57     0002                     pcl             equ	2
    58     000A                     pclath          equ	10
    59     0003                     status          equ	3
    60     0000                     INDF            equ	0	;# 
    61     0001                     TMR0            equ	1	;# 
    62     0002                     PCL             equ	2	;# 
    63     0003                     STATUS          equ	3	;# 
    64     0004                     FSR             equ	4	;# 
    65     0005                     GPIO            equ	5	;# 
    66     000A                     PCLATH          equ	10	;# 
    67     000B                     INTCON          equ	11	;# 
    68     000C                     PIR1            equ	12	;# 
    69     000E                     TMR1            equ	14	;# 
    70     000E                     TMR1L           equ	14	;# 
    71     000F                     TMR1H           equ	15	;# 
    72     0010                     T1CON           equ	16	;# 
    73     0019                     CMCON           equ	25	;# 
    74     001E                     ADRESH          equ	30	;# 
    75     001F                     ADCON0          equ	31	;# 
    76     0081                     OPTION_REG      equ	129	;# 
    77     0085                     TRISIO          equ	133	;# 
    78     008C                     PIE1            equ	140	;# 
    79     008E                     PCON            equ	142	;# 
    80     0090                     OSCCAL          equ	144	;# 
    81     0095                     WPU             equ	149	;# 
    82     0096                     IOC             equ	150	;# 
    83     0096                     IOCB            equ	150	;# 
    84     0099                     VRCON           equ	153	;# 
    85     009A                     EEDATA          equ	154	;# 
    86     009A                     EEDAT           equ	154	;# 
    87     009B                     EEADR           equ	155	;# 
    88     009C                     EECON1          equ	156	;# 
    89     009D                     EECON2          equ	157	;# 
    90     009E                     ADRESL          equ	158	;# 
    91     009F                     ANSEL           equ	159	;# 
    92     0000                     INDF            equ	0	;# 
    93     0001                     TMR0            equ	1	;# 
    94     0002                     PCL             equ	2	;# 
    95     0003                     STATUS          equ	3	;# 
    96     0004                     FSR             equ	4	;# 
    97     0005                     GPIO            equ	5	;# 
    98     000A                     PCLATH          equ	10	;# 
    99     000B                     INTCON          equ	11	;# 
   100     000C                     PIR1            equ	12	;# 
   101     000E                     TMR1            equ	14	;# 
   102     000E                     TMR1L           equ	14	;# 
   103     000F                     TMR1H           equ	15	;# 
   104     0010                     T1CON           equ	16	;# 
   105     0019                     CMCON           equ	25	;# 
   106     001E                     ADRESH          equ	30	;# 
   107     001F                     ADCON0          equ	31	;# 
   108     0081                     OPTION_REG      equ	129	;# 
   109     0085                     TRISIO          equ	133	;# 
   110     008C                     PIE1            equ	140	;# 
   111     008E                     PCON            equ	142	;# 
   112     0090                     OSCCAL          equ	144	;# 
   113     0095                     WPU             equ	149	;# 
   114     0096                     IOC             equ	150	;# 
   115     0096                     IOCB            equ	150	;# 
   116     0099                     VRCON           equ	153	;# 
   117     009A                     EEDATA          equ	154	;# 
   118     009A                     EEDAT           equ	154	;# 
   119     009B                     EEADR           equ	155	;# 
   120     009C                     EECON1          equ	156	;# 
   121     009D                     EECON2          equ	157	;# 
   122     009E                     ADRESL          equ	158	;# 
   123     009F                     ANSEL           equ	159	;# 
   124                           
   125                           	psect	idataBANK0
   126     02D7                     __pidataBANK0:
   127                           
   128                           ;initializer for _finalquantity
   129     02D7  34D0               	retlw	208
   130     02D8  3407               	retlw	7
   131     000B                     _INTCON         set	11
   132     001F                     _ADCON0         set	31
   133     0019                     _CMCON          set	25
   134     0001                     _TMR0           set	1
   135     001E                     _ADRESH         set	30
   136     001F                     _ADCON0bits     set	31
   137     002A                     _GP2            set	42
   138     002D                     _GP5            set	45
   139     005A                     _T0IF           set	90
   140     0085                     _TRISIO         set	133
   141     0081                     _OPTION_REG     set	129
   142     0090                     _OSCCAL         set	144
   143     0095                     _WPU            set	149
   144     009F                     _ANSEL          set	159
   145     009E                     _ADRESL         set	158
   146                           
   147                           	psect	cinit
   148     000E                     start_initialization:	
   149                           ; #config settings
   150                           
   151     000E                     __initialization:
   152                           
   153                           ; Initialize objects allocated to BANK0
   154     000E  22D7               	fcall	__pidataBANK0	;fetch initializer
   155     000F  00DB               	movwf	__pdataBANK0& (0+127)
   156     0010  22D8               	fcall	__pidataBANK0+1	;fetch initializer
   157     0011  00DC               	movwf	(__pdataBANK0+1)& (0+127)
   158                           
   159                           ; Clear objects allocated to BANK0
   160     0012  1383               	bcf	3,7	;select IRP bank0
   161     0013  3020               	movlw	low __pbssBANK0
   162     0014  0084               	movwf	4
   163     0015  3050               	movlw	low (__pbssBANK0+48)
   164     0016  22CF               	fcall	clear_ram0
   165     0017                     end_of_initialization:	
   166                           ;End of C runtime variable initialization code
   167                           
   168     0017                     __end_of__initialization:
   169     0017  0183               	clrf	3
   170     0018  2819               	ljmp	_main	;jump to C main() function
   171                           
   172                           	psect	bssBANK0
   173     0020                     __pbssBANK0:
   174     0020                     _last_adc_state:
   175     0020                     	ds	2
   176     0022                     _d3:
   177     0022                     	ds	2
   178     0024                     _d2:
   179     0024                     	ds	2
   180     0026                     _d1:
   181     0026                     	ds	2
   182     0028                     _currentadc:
   183     0028                     	ds	2
   184     002A                     _secondadc:
   185     002A                     	ds	2
   186     002C                     _thirdadc:
   187     002C                     	ds	2
   188     002E                     _dothemagicofreset:
   189     002E                     	ds	2
   190     0030                     _longtimecounter:
   191     0030                     	ds	2
   192     0032                     _finalbuzzercounter:
   193     0032                     	ds	2
   194     0034                     _counttime:
   195     0034                     	ds	2
   196     0036                     _buttontimercounter:
   197     0036                     	ds	2
   198     0038                     _enterbuttontimercounter:
   199     0038                     	ds	2
   200     003A                     _processbuttonclicks:
   201     003A                     	ds	2
   202     003C                     _adc_value:
   203     003C                     	ds	2
   204     003E                     _adtimer:
   205     003E                     	ds	2
   206     0040                     _buttonstimer:
   207     0040                     	ds	2
   208     0042                     _ledtimer:
   209     0042                     	ds	2
   210     0044                     _buttonpressed:
   211     0044                     	ds	2
   212     0046                     _processstarted:
   213     0046                     	ds	1
   214     0047                     _buzzeron:
   215     0047                     	ds	1
   216     0048                     _finalbuzzer:
   217     0048                     	ds	1
   218     0049                     _timecontrol:
   219     0049                     	ds	1
   220     004A                     _starttimer:
   221     004A                     	ds	1
   222     004B                     _canstartblinking:
   223     004B                     	ds	1
   224     004C                     _startbutton:
   225     004C                     	ds	1
   226     004D                     _start:
   227     004D                     	ds	1
   228     004E                     _buttonclicks:
   229     004E                     	ds	2
   230                           
   231                           	psect	dataBANK0
   232     005B                     __pdataBANK0:
   233     005B                     _finalquantity:
   234     005B                     	ds	2
   235                           
   236                           	psect	clrtext
   237     02CF                     clear_ram0:	
   238                           ;	Called with FSR containing the base address, and
   239                           ;	W with the last address+1
   240                           
   241     02CF  0064               	clrwdt	;clear the watchdog before getting into this loop
   242     02D0                     clrloop0:
   243     02D0  0180               	clrf	0	;clear RAM location pointed to by FSR
   244     02D1  0A84               	incf	4,f	;increment pointer
   245     02D2  0604               	xorwf	4,w	;XOR with final address
   246     02D3  1903               	btfsc	3,2	;have we reached the end yet?
   247     02D4  3400               	retlw	0	;all done for this memory range, return
   248     02D5  0604               	xorwf	4,w	;XOR again to restore value
   249     02D6  2AD0               	goto	clrloop0	;do the next byte
   250                           
   251                           	psect	cstackCOMMON
   252     0000                     __pcstackCOMMON:
   253     0000                     ??_Read_Adc:
   254                           
   255                           	psect	cstackBANK0
   256     0050                     __pcstackBANK0:	
   257                           ; 1 bytes @ 0x0
   258                           
   259     0050                     ?_ISR:
   260     0050                     ?_main:	
   261                           ; 1 bytes @ 0x0
   262                           
   263     0050                     ??_ISR:	
   264                           ; 1 bytes @ 0x0
   265                           
   266                           
   267                           ; 1 bytes @ 0x0
   268     0050                     	ds	5
   269     0055                     ?_Read_Adc:
   270                           
   271                           ; 2 bytes @ 0x5
   272     0055                     	ds	2
   273     0057                     ??_main:
   274                           
   275                           ; 1 bytes @ 0x7
   276     0057                     	ds	2
   277     0059                     main@current_adc_state:
   278                           
   279                           ; 2 bytes @ 0x9
   280     0059                     	ds	2
   281                           
   282                           	psect	maintext
   283     0019                     __pmaintext:	
   284 ;;
   285 ;;Main: autosize = 0, tempsize = 2, incstack = 0, save=0
   286 ;;
   287 ;; *************** function _main *****************
   288 ;; Defined at:
   289 ;;		line 151 in file "main.c"
   290 ;; Parameters:    Size  Location     Type
   291 ;;		None
   292 ;; Auto vars:     Size  Location     Type
   293 ;;  current_adc_    2    9[BANK0 ] int 
   294 ;; Return value:  Size  Location     Type
   295 ;;                  1    wreg      void 
   296 ;; Registers used:
   297 ;;		wreg, status,2, status,0, btemp+1, pclath, cstack
   298 ;; Tracked objects:
   299 ;;		On entry : B00/0
   300 ;;		On exit  : 0/0
   301 ;;		Unchanged: 0/0
   302 ;; Data sizes:     COMMON   BANK0
   303 ;;      Params:         0       0
   304 ;;      Locals:         0       2
   305 ;;      Temps:          0       2
   306 ;;      Totals:         0       4
   307 ;;Total ram usage:        4 bytes
   308 ;; Hardware stack levels required when called: 2
   309 ;; This function calls:
   310 ;;		_Read_Adc
   311 ;; This function is called by:
   312 ;;		Startup code after reset
   313 ;; This function uses a non-reentrant model
   314 ;;
   315                           
   316     0019                     _main:	
   317                           ;psect for function _main
   318                           
   319     0019                     l1006:	
   320                           ;incstack = 0
   321                           ; Regs used in _main: [wreg+status,2+status,0+btemp+1+pclath+cstack]
   322                           
   323                           
   324                           ;main.c: 153:             currentadc = Read_Adc();
   325     0019  3007               	movlw	7
   326     001A  1283               	bcf	3,5	;RP0=0, select bank0
   327     001B  0099               	movwf	25	;volatile
   328                           
   329                           ;main.c: 155: 
   330     001C  3021               	movlw	33
   331     001D  1683               	bsf	3,5	;RP0=1, select bank1
   332     001E  009F               	movwf	31	;volatile
   333                           
   334                           ;main.c: 156: 
   335     001F  3081               	movlw	129
   336     0020  1283               	bcf	3,5	;RP0=0, select bank0
   337     0021  009F               	movwf	31	;volatile
   338     0022                     l1008:
   339                           
   340                           ;main.c: 158:                 (currentadc >= thirdadc && currentadc <= secondadc))
   341     0022  1683               	bsf	3,5	;RP0=1, select bank1
   342     0023  0195               	clrf	21	;volatile
   343                           
   344                           ;main.c: 159:                 adc_value = currentadc;
   345     0024  1283               	bcf	3,5	;RP0=0, select bank0
   346     0025  0181               	clrf	1	;volatile
   347     0026                     l1010:
   348                           
   349                           ;main.c: 164:                 adc_value = thirdadc;
   350     0026  3080               	movlw	128
   351     0027  1683               	bsf	3,5	;RP0=1, select bank1
   352     0028  0090               	movwf	16	;volatile
   353     0029                     l1012:
   354                           
   355                           ;main.c: 166: 
   356     0029  3081               	movlw	129
   357     002A  0081               	movwf	1	;volatile
   358     002B                     l1014:
   359                           
   360                           ;main.c: 167: 
   361     002B  30E0               	movlw	224
   362     002C  008B               	movwf	11	;volatile
   363     002D                     l1016:
   364                           
   365                           ;main.c: 168:             int current_adc_state = (adc_value > 70) ? 1 : 0;
   366     002D  3003               	movlw	3
   367     002E  0085               	movwf	5	;volatile
   368     002F                     l139:	
   369                           ;main.c: 170:             if (adc_value > 20 && adc_value <= 100) {
   370                           
   371     002F  0064               	clrwdt	;# 
   372     0030                     l1018:
   373                           
   374                           ;main.c: 173: 
   375     0030  1283               	bcf	3,5	;RP0=0, select bank0
   376     0031  083F               	movf	_adtimer+1,w	;volatile
   377     0032  3A80               	xorlw	128
   378     0033  00DF               	movwf	btemp+1
   379     0034  3080               	movlw	128
   380     0035  025F               	subwf	btemp+1,w
   381     0036  1D03               	skipz
   382     0037  283A               	goto	u775
   383     0038  3014               	movlw	20
   384     0039  023E               	subwf	_adtimer,w	;volatile
   385     003A                     u775:
   386     003A  1C03               	skipc
   387     003B  283D               	goto	u771
   388     003C  283E               	goto	u770
   389     003D                     u771:
   390     003D  2948               	goto	l1078
   391     003E                     u770:
   392     003E                     l1020:
   393                           
   394                           ;main.c: 174:             if (current_adc_state == 1 && last_adc_state == 0) {
   395     003E  1283               	bcf	3,5	;RP0=0, select bank0
   396     003F  01BE               	clrf	_adtimer	;volatile
   397     0040  01BF               	clrf	_adtimer+1	;volatile
   398     0041                     l1022:
   399                           
   400                           ;main.c: 175: 
   401     0041  082B               	movf	_secondadc+1,w
   402     0042  00AD               	movwf	_thirdadc+1
   403     0043  082A               	movf	_secondadc,w
   404     0044  00AC               	movwf	_thirdadc
   405     0045                     l1024:
   406                           
   407                           ;main.c: 176:                 if (canstartblinking == 0 && starttimer == 0 && adc_value 
      +                          > 100) {
   408     0045  0829               	movf	_currentadc+1,w
   409     0046  00AB               	movwf	_secondadc+1
   410     0047  0828               	movf	_currentadc,w
   411     0048  00AA               	movwf	_secondadc
   412     0049                     l1026:
   413                           
   414                           ;main.c: 177:                     buttonclicks++;
   415     0049  22C2               	fcall	_Read_Adc
   416     004A  1283               	bcf	3,5	;RP0=0, select bank0
   417     004B  0856               	movf	?_Read_Adc+1,w
   418     004C  00A9               	movwf	_currentadc+1
   419     004D  0855               	movf	?_Read_Adc,w
   420     004E  00A8               	movwf	_currentadc
   421     004F                     l1028:
   422                           
   423                           ;main.c: 181:                     if (buttonclicks == 1) {
   424     004F  0829               	movf	_currentadc+1,w
   425     0050  3A80               	xorlw	128
   426     0051  00D7               	movwf	??_main
   427     0052  082B               	movf	_secondadc+1,w
   428     0053  3A80               	xorlw	128
   429     0054  0257               	subwf	??_main,w
   430     0055  1D03               	skipz
   431     0056  2859               	goto	u785
   432     0057  082A               	movf	_secondadc,w
   433     0058  0228               	subwf	_currentadc,w
   434     0059                     u785:
   435     0059  1C03               	skipc
   436     005A  285C               	goto	u781
   437     005B  285D               	goto	u780
   438     005C                     u781:
   439     005C  286C               	goto	l1032
   440     005D                     u780:
   441     005D                     l1030:
   442     005D  1283               	bcf	3,5	;RP0=0, select bank0
   443     005E  082D               	movf	_thirdadc+1,w
   444     005F  3A80               	xorlw	128
   445     0060  00D7               	movwf	??_main
   446     0061  0829               	movf	_currentadc+1,w
   447     0062  3A80               	xorlw	128
   448     0063  0257               	subwf	??_main,w
   449     0064  1D03               	skipz
   450     0065  2868               	goto	u795
   451     0066  0828               	movf	_currentadc,w
   452     0067  022C               	subwf	_thirdadc,w
   453     0068                     u795:
   454     0068  1803               	skipnc
   455     0069  286B               	goto	u791
   456     006A  286C               	goto	u790
   457     006B                     u791:
   458     006B  288A               	goto	l1036
   459     006C                     u790:
   460     006C                     l1032:
   461     006C  1283               	bcf	3,5	;RP0=0, select bank0
   462     006D  0829               	movf	_currentadc+1,w
   463     006E  3A80               	xorlw	128
   464     006F  00D7               	movwf	??_main
   465     0070  082D               	movf	_thirdadc+1,w
   466     0071  3A80               	xorlw	128
   467     0072  0257               	subwf	??_main,w
   468     0073  1D03               	skipz
   469     0074  2877               	goto	u805
   470     0075  082C               	movf	_thirdadc,w
   471     0076  0228               	subwf	_currentadc,w
   472     0077                     u805:
   473     0077  1C03               	skipc
   474     0078  287A               	goto	u801
   475     0079  287B               	goto	u800
   476     007A                     u801:
   477     007A  2890               	goto	l1038
   478     007B                     u800:
   479     007B                     l1034:
   480     007B  1283               	bcf	3,5	;RP0=0, select bank0
   481     007C  082B               	movf	_secondadc+1,w
   482     007D  3A80               	xorlw	128
   483     007E  00D7               	movwf	??_main
   484     007F  0829               	movf	_currentadc+1,w
   485     0080  3A80               	xorlw	128
   486     0081  0257               	subwf	??_main,w
   487     0082  1D03               	skipz
   488     0083  2886               	goto	u815
   489     0084  0828               	movf	_currentadc,w
   490     0085  022A               	subwf	_secondadc,w
   491     0086                     u815:
   492     0086  1C03               	skipc
   493     0087  2889               	goto	u811
   494     0088  288A               	goto	u810
   495     0089                     u811:
   496     0089  2890               	goto	l1038
   497     008A                     u810:
   498     008A                     l1036:
   499                           
   500                           ;main.c: 183:                         buttontimercounter = 0;
   501     008A  1283               	bcf	3,5	;RP0=0, select bank0
   502     008B  0829               	movf	_currentadc+1,w
   503     008C  00BD               	movwf	_adc_value+1	;volatile
   504     008D  0828               	movf	_currentadc,w
   505     008E  00BC               	movwf	_adc_value	;volatile
   506     008F  28D7               	goto	l146
   507     0090                     l1038:
   508     0090  1283               	bcf	3,5	;RP0=0, select bank0
   509     0091  082B               	movf	_secondadc+1,w
   510     0092  3A80               	xorlw	128
   511     0093  00D7               	movwf	??_main
   512     0094  0829               	movf	_currentadc+1,w
   513     0095  3A80               	xorlw	128
   514     0096  0257               	subwf	??_main,w
   515     0097  1D03               	skipz
   516     0098  289B               	goto	u825
   517     0099  0828               	movf	_currentadc,w
   518     009A  022A               	subwf	_secondadc,w
   519     009B                     u825:
   520     009B  1C03               	skipc
   521     009C  289E               	goto	u821
   522     009D  289F               	goto	u820
   523     009E                     u821:
   524     009E  28AE               	goto	l1042
   525     009F                     u820:
   526     009F                     l1040:
   527     009F  1283               	bcf	3,5	;RP0=0, select bank0
   528     00A0  082D               	movf	_thirdadc+1,w
   529     00A1  3A80               	xorlw	128
   530     00A2  00D7               	movwf	??_main
   531     00A3  082B               	movf	_secondadc+1,w
   532     00A4  3A80               	xorlw	128
   533     00A5  0257               	subwf	??_main,w
   534     00A6  1D03               	skipz
   535     00A7  28AA               	goto	u835
   536     00A8  082A               	movf	_secondadc,w
   537     00A9  022C               	subwf	_thirdadc,w
   538     00AA                     u835:
   539     00AA  1803               	skipnc
   540     00AB  28AD               	goto	u831
   541     00AC  28AE               	goto	u830
   542     00AD                     u831:
   543     00AD  28CC               	goto	l1046
   544     00AE                     u830:
   545     00AE                     l1042:
   546     00AE  1283               	bcf	3,5	;RP0=0, select bank0
   547     00AF  082B               	movf	_secondadc+1,w
   548     00B0  3A80               	xorlw	128
   549     00B1  00D7               	movwf	??_main
   550     00B2  082D               	movf	_thirdadc+1,w
   551     00B3  3A80               	xorlw	128
   552     00B4  0257               	subwf	??_main,w
   553     00B5  1D03               	skipz
   554     00B6  28B9               	goto	u845
   555     00B7  082C               	movf	_thirdadc,w
   556     00B8  022A               	subwf	_secondadc,w
   557     00B9                     u845:
   558     00B9  1C03               	skipc
   559     00BA  28BC               	goto	u841
   560     00BB  28BD               	goto	u840
   561     00BC                     u841:
   562     00BC  28D2               	goto	l1048
   563     00BD                     u840:
   564     00BD                     l1044:
   565     00BD  1283               	bcf	3,5	;RP0=0, select bank0
   566     00BE  0829               	movf	_currentadc+1,w
   567     00BF  3A80               	xorlw	128
   568     00C0  00D7               	movwf	??_main
   569     00C1  082B               	movf	_secondadc+1,w
   570     00C2  3A80               	xorlw	128
   571     00C3  0257               	subwf	??_main,w
   572     00C4  1D03               	skipz
   573     00C5  28C8               	goto	u855
   574     00C6  082A               	movf	_secondadc,w
   575     00C7  0228               	subwf	_currentadc,w
   576     00C8                     u855:
   577     00C8  1C03               	skipc
   578     00C9  28CB               	goto	u851
   579     00CA  28CC               	goto	u850
   580     00CB                     u851:
   581     00CB  28D2               	goto	l1048
   582     00CC                     u850:
   583     00CC                     l1046:
   584                           
   585                           ;main.c: 186:                 }
   586     00CC  1283               	bcf	3,5	;RP0=0, select bank0
   587     00CD  082B               	movf	_secondadc+1,w
   588     00CE  00BD               	movwf	_adc_value+1	;volatile
   589     00CF  082A               	movf	_secondadc,w
   590     00D0  00BC               	movwf	_adc_value	;volatile
   591     00D1  28D7               	goto	l146
   592     00D2                     l1048:
   593                           
   594                           ;main.c: 188:             last_adc_state = current_adc_state;
   595     00D2  1283               	bcf	3,5	;RP0=0, select bank0
   596     00D3  082D               	movf	_thirdadc+1,w
   597     00D4  00BD               	movwf	_adc_value+1	;volatile
   598     00D5  082C               	movf	_thirdadc,w
   599     00D6  00BC               	movwf	_adc_value	;volatile
   600     00D7                     l146:
   601                           
   602                           ;main.c: 192:             buttonstimer = 0;
   603     00D7  3000               	movlw	0
   604     00D8  023D               	subwf	_adc_value+1,w	;volatile
   605     00D9  3047               	movlw	71
   606     00DA  1903               	skipnz
   607     00DB  023C               	subwf	_adc_value,w	;volatile
   608     00DC  1803               	skipnc
   609     00DD  28DF               	goto	u861
   610     00DE  28E1               	goto	u860
   611     00DF                     u861:
   612     00DF  3001               	movlw	1
   613     00E0  28E2               	goto	u870
   614     00E1                     u860:
   615     00E1  3000               	movlw	0
   616     00E2                     u870:
   617     00E2  00D7               	movwf	??_main
   618     00E3  01D8               	clrf	??_main+1
   619     00E4  0857               	movf	??_main,w
   620     00E5  00D9               	movwf	main@current_adc_state
   621     00E6  0858               	movf	??_main+1,w
   622     00E7  00DA               	movwf	main@current_adc_state+1
   623                           
   624                           ;main.c: 194: 
   625     00E8  3000               	movlw	0
   626     00E9  023D               	subwf	_adc_value+1,w	;volatile
   627     00EA  3015               	movlw	21
   628     00EB  1903               	skipnz
   629     00EC  023C               	subwf	_adc_value,w	;volatile
   630     00ED  1C03               	skipc
   631     00EE  28F0               	goto	u881
   632     00EF  28F1               	goto	u880
   633     00F0                     u881:
   634     00F0  28FE               	goto	l1054
   635     00F1                     u880:
   636     00F1                     l1050:
   637     00F1  3000               	movlw	0
   638     00F2  023D               	subwf	_adc_value+1,w	;volatile
   639     00F3  3065               	movlw	101
   640     00F4  1903               	skipnz
   641     00F5  023C               	subwf	_adc_value,w	;volatile
   642     00F6  1803               	skipnc
   643     00F7  28F9               	goto	u891
   644     00F8  28FA               	goto	u890
   645     00F9                     u891:
   646     00F9  28FE               	goto	l1054
   647     00FA                     u890:
   648     00FA                     l1052:
   649                           
   650                           ;main.c: 195:             if (enterbuttontimercounter == 1) {
   651     00FA  3001               	movlw	1
   652     00FB  00AE               	movwf	_dothemagicofreset	;volatile
   653     00FC  3000               	movlw	0
   654     00FD  00AF               	movwf	_dothemagicofreset+1	;volatile
   655     00FE                     l1054:
   656                           
   657                           ;main.c: 198:                 if (buttontimercounter > 20) {
   658     00FE  0359               	decf	main@current_adc_state,w
   659     00FF  045A               	iorwf	main@current_adc_state+1,w
   660     0100  1D03               	btfss	3,2
   661     0101  2903               	goto	u901
   662     0102  2904               	goto	u900
   663     0103                     u901:
   664     0103  2943               	goto	l154
   665     0104                     u900:
   666     0104                     l1056:
   667     0104  0820               	movf	_last_adc_state,w
   668     0105  0421               	iorwf	_last_adc_state+1,w
   669     0106  1D03               	btfss	3,2
   670     0107  2909               	goto	u911
   671     0108  290A               	goto	u910
   672     0109                     u911:
   673     0109  2943               	goto	l154
   674     010A                     u910:
   675     010A                     l1058:
   676                           
   677                           ;main.c: 200:                     buttontimercounter = 0;
   678     010A  084B               	movf	_canstartblinking,w	;volatile
   679     010B  1D03               	btfss	3,2
   680     010C  290E               	goto	u921
   681     010D  290F               	goto	u920
   682     010E                     u921:
   683     010E  2943               	goto	l154
   684     010F                     u920:
   685     010F                     l1060:
   686     010F  084A               	movf	_starttimer,w	;volatile
   687     0110  1D03               	btfss	3,2
   688     0111  2913               	goto	u931
   689     0112  2914               	goto	u930
   690     0113                     u931:
   691     0113  2943               	goto	l154
   692     0114                     u930:
   693     0114                     l1062:
   694     0114  3000               	movlw	0
   695     0115  023D               	subwf	_adc_value+1,w	;volatile
   696     0116  3065               	movlw	101
   697     0117  1903               	skipnz
   698     0118  023C               	subwf	_adc_value,w	;volatile
   699     0119  1C03               	skipc
   700     011A  291C               	goto	u941
   701     011B  291D               	goto	u940
   702     011C                     u941:
   703     011C  2943               	goto	l154
   704     011D                     u940:
   705     011D                     l1064:
   706                           
   707                           ;main.c: 201:                     processbuttonclicks = 2 * buttonclicks;
   708     011D  3001               	movlw	1
   709     011E  07CE               	addwf	_buttonclicks,f	;volatile
   710     011F  1803               	skipnc
   711     0120  0ACF               	incf	_buttonclicks+1,f	;volatile
   712     0121  3000               	movlw	0
   713     0122  07CF               	addwf	_buttonclicks+1,f	;volatile
   714     0123                     l1066:
   715                           
   716                           ;main.c: 202:                     timecontrol = buttonclicks;
   717     0123  3001               	movlw	1
   718     0124  00C6               	movwf	_processstarted	;volatile
   719     0125                     l1068:
   720                           
   721                           ;main.c: 205:                 }
   722     0125  034E               	decf	_buttonclicks,w	;volatile
   723     0126  044F               	iorwf	_buttonclicks+1,w	;volatile
   724     0127  1D03               	btfss	3,2
   725     0128  292A               	goto	u951
   726     0129  292B               	goto	u950
   727     012A                     u951:
   728     012A  2931               	goto	l1074
   729     012B                     u950:
   730     012B                     l1070:
   731                           
   732                           ;main.c: 206:             }
   733     012B  3001               	movlw	1
   734     012C  00B8               	movwf	_enterbuttontimercounter
   735     012D  3000               	movlw	0
   736     012E  00B9               	movwf	_enterbuttontimercounter+1
   737     012F                     l1072:
   738                           
   739                           ;main.c: 207:         }
   740     012F  01B6               	clrf	_buttontimercounter	;volatile
   741     0130  01B7               	clrf	_buttontimercounter+1	;volatile
   742     0131                     l1074:
   743                           
   744                           ;main.c: 209:         if(dothemagicofreset == 1) {
   745     0131  084F               	movf	_buttonclicks+1,w	;volatile
   746     0132  3A80               	xorlw	128
   747     0133  00DF               	movwf	btemp+1
   748     0134  3080               	movlw	128
   749     0135  025F               	subwf	btemp+1,w
   750     0136  1D03               	skipz
   751     0137  293A               	goto	u965
   752     0138  3005               	movlw	5
   753     0139  024E               	subwf	_buttonclicks,w	;volatile
   754     013A                     u965:
   755     013A  1C03               	skipc
   756     013B  293D               	goto	u961
   757     013C  293E               	goto	u960
   758     013D                     u961:
   759     013D  2943               	goto	l154
   760     013E                     u960:
   761     013E                     l1076:
   762     013E  3004               	movlw	4
   763     013F  1283               	bcf	3,5	;RP0=0, select bank0
   764     0140  00CE               	movwf	_buttonclicks	;volatile
   765     0141  3000               	movlw	0
   766     0142  00CF               	movwf	_buttonclicks+1	;volatile
   767     0143                     l154:	
   768                           ;main.c: 211: 
   769                           
   770                           
   771                           ;main.c: 212:             while(1);
   772     0143  1283               	bcf	3,5	;RP0=0, select bank0
   773     0144  085A               	movf	main@current_adc_state+1,w
   774     0145  00A1               	movwf	_last_adc_state+1
   775     0146  0859               	movf	main@current_adc_state,w
   776     0147  00A0               	movwf	_last_adc_state
   777     0148                     l1078:
   778                           
   779                           ;main.c: 215: }
   780     0148  1283               	bcf	3,5	;RP0=0, select bank0
   781     0149  0841               	movf	_buttonstimer+1,w	;volatile
   782     014A  3A80               	xorlw	128
   783     014B  00DF               	movwf	btemp+1
   784     014C  3081               	movlw	129
   785     014D  025F               	subwf	btemp+1,w
   786     014E  1D03               	skipz
   787     014F  2952               	goto	u975
   788     0150  302C               	movlw	44
   789     0151  0240               	subwf	_buttonstimer,w	;volatile
   790     0152                     u975:
   791     0152  1C03               	skipc
   792     0153  2955               	goto	u971
   793     0154  2956               	goto	u970
   794     0155                     u971:
   795     0155  2982               	goto	l1096
   796     0156                     u970:
   797     0156                     l1080:
   798     0156  1283               	bcf	3,5	;RP0=0, select bank0
   799     0157  01C0               	clrf	_buttonstimer	;volatile
   800     0158  01C1               	clrf	_buttonstimer+1	;volatile
   801     0159                     l1082:
   802     0159  0338               	decf	_enterbuttontimercounter,w
   803     015A  0439               	iorwf	_enterbuttontimercounter+1,w
   804     015B  1D03               	btfss	3,2
   805     015C  295E               	goto	u981
   806     015D  295F               	goto	u980
   807     015E                     u981:
   808     015E  2982               	goto	l1096
   809     015F                     u980:
   810     015F                     l1084:
   811     015F  3001               	movlw	1
   812     0160  07B6               	addwf	_buttontimercounter,f	;volatile
   813     0161  1803               	skipnc
   814     0162  0AB7               	incf	_buttontimercounter+1,f	;volatile
   815     0163  3000               	movlw	0
   816     0164  07B7               	addwf	_buttontimercounter+1,f	;volatile
   817     0165                     l1086:
   818     0165  0837               	movf	_buttontimercounter+1,w	;volatile
   819     0166  3A80               	xorlw	128
   820     0167  00DF               	movwf	btemp+1
   821     0168  3080               	movlw	128
   822     0169  025F               	subwf	btemp+1,w
   823     016A  1D03               	skipz
   824     016B  296E               	goto	u995
   825     016C  3015               	movlw	21
   826     016D  0236               	subwf	_buttontimercounter,w	;volatile
   827     016E                     u995:
   828     016E  1C03               	skipc
   829     016F  2971               	goto	u991
   830     0170  2972               	goto	u990
   831     0171                     u991:
   832     0171  2982               	goto	l1096
   833     0172                     u990:
   834     0172                     l1088:
   835     0172  1283               	bcf	3,5	;RP0=0, select bank0
   836     0173  01B8               	clrf	_enterbuttontimercounter
   837     0174  01B9               	clrf	_enterbuttontimercounter+1
   838     0175  01B6               	clrf	_buttontimercounter	;volatile
   839     0176  01B7               	clrf	_buttontimercounter+1	;volatile
   840     0177                     l1090:
   841     0177  1003               	clrc
   842     0178  0D4E               	rlf	_buttonclicks,w	;volatile
   843     0179  00BA               	movwf	_processbuttonclicks	;volatile
   844     017A  0D4F               	rlf	_buttonclicks+1,w	;volatile
   845     017B  00BB               	movwf	_processbuttonclicks+1	;volatile
   846     017C                     l1092:
   847     017C  084E               	movf	_buttonclicks,w	;volatile
   848     017D  00C9               	movwf	_timecontrol	;volatile
   849     017E  01CE               	clrf	_buttonclicks	;volatile
   850     017F  01CF               	clrf	_buttonclicks+1	;volatile
   851     0180                     l1094:
   852     0180  3001               	movlw	1
   853     0181  00CB               	movwf	_canstartblinking	;volatile
   854     0182                     l1096:
   855     0182  1283               	bcf	3,5	;RP0=0, select bank0
   856     0183  032E               	decf	_dothemagicofreset,w	;volatile
   857     0184  042F               	iorwf	_dothemagicofreset+1,w	;volatile
   858     0185  1D03               	btfss	3,2
   859     0186  2988               	goto	u1001
   860     0187  2989               	goto	u1000
   861     0188                     u1001:
   862     0188  282F               	goto	l139
   863     0189                     u1000:
   864     0189                     l162:
   865     0189                     l163:
   866     0189  2989               	goto	l162
   867     018A  280D               	ljmp	start
   868     018B                     __end_of_main:
   869                           
   870                           	psect	text1
   871     02C2                     __ptext1:	
   872 ;; *************** function _Read_Adc *****************
   873 ;; Defined at:
   874 ;;		line 58 in file "main.c"
   875 ;; Parameters:    Size  Location     Type
   876 ;;		None
   877 ;; Auto vars:     Size  Location     Type
   878 ;;		None
   879 ;; Return value:  Size  Location     Type
   880 ;;                  2    5[BANK0 ] unsigned int 
   881 ;; Registers used:
   882 ;;		wreg
   883 ;; Tracked objects:
   884 ;;		On entry : 0/0
   885 ;;		On exit  : 0/0
   886 ;;		Unchanged: 0/0
   887 ;; Data sizes:     COMMON   BANK0
   888 ;;      Params:         0       2
   889 ;;      Locals:         0       0
   890 ;;      Temps:          0       0
   891 ;;      Totals:         0       2
   892 ;;Total ram usage:        2 bytes
   893 ;; Hardware stack levels used: 1
   894 ;; Hardware stack levels required when called: 1
   895 ;; This function calls:
   896 ;;		Nothing
   897 ;; This function is called by:
   898 ;;		_main
   899 ;; This function uses a non-reentrant model
   900 ;;
   901                           
   902     02C2                     _Read_Adc:	
   903                           ;psect for function _Read_Adc
   904                           
   905     02C2                     l904:	
   906                           ;incstack = 0
   907                           ; Regs used in _Read_Adc: [wreg]
   908                           
   909                           
   910                           ;main.c: 59:                     }
   911     02C2  1283               	bcf	3,5	;RP0=0, select bank0
   912     02C3  149F               	bsf	31,1	;volatile
   913     02C4                     l91:	
   914                           ;main.c: 60:                 }
   915                           
   916     02C4  189F               	btfsc	31,1	;volatile
   917     02C5  2AC7               	goto	u511
   918     02C6  2AC8               	goto	u510
   919     02C7                     u511:
   920     02C7  2AC4               	goto	l91
   921     02C8                     u510:
   922     02C8                     l906:
   923                           
   924                           ;main.c: 61:             }
   925     02C8  081E               	movf	30,w	;volatile
   926     02C9  00D6               	movwf	?_Read_Adc+1
   927     02CA  1683               	bsf	3,5	;RP0=1, select bank1
   928     02CB  081E               	movf	30,w	;volatile
   929     02CC  1283               	bcf	3,5	;RP0=0, select bank0
   930     02CD  00D5               	movwf	?_Read_Adc
   931     02CE                     l94:
   932     02CE  0008               	return
   933     02CF                     __end_of_Read_Adc:
   934                           
   935                           	psect	text2
   936     018B                     __ptext2:	
   937 ;; *************** function _ISR *****************
   938 ;; Defined at:
   939 ;;		line 65 in file "main.c"
   940 ;; Parameters:    Size  Location     Type
   941 ;;		None
   942 ;; Auto vars:     Size  Location     Type
   943 ;;		None
   944 ;; Return value:  Size  Location     Type
   945 ;;                  1    wreg      void 
   946 ;; Registers used:
   947 ;;		wreg, status,2, status,0, btemp+1
   948 ;; Tracked objects:
   949 ;;		On entry : 0/0
   950 ;;		On exit  : 0/0
   951 ;;		Unchanged: 0/0
   952 ;; Data sizes:     COMMON   BANK0
   953 ;;      Params:         0       0
   954 ;;      Locals:         0       0
   955 ;;      Temps:          0       5
   956 ;;      Totals:         0       5
   957 ;;Total ram usage:        5 bytes
   958 ;; Hardware stack levels used: 1
   959 ;; This function calls:
   960 ;;		Nothing
   961 ;; This function is called by:
   962 ;;		Interrupt level 1
   963 ;; This function uses a non-reentrant model
   964 ;;
   965                           
   966     018B                     _ISR:	
   967                           ;psect for function _ISR
   968                           
   969     018B                     i1l910:
   970                           
   971                           ;main.c: 66:             canstartblinking = 0;
   972     018B  1D0B               	btfss	11,2	;volatile
   973     018C  298E               	goto	u52_21
   974     018D  298F               	goto	u52_20
   975     018E                     u52_21:
   976     018E  2ABA               	goto	i1l134
   977     018F                     u52_20:
   978     018F                     i1l912:
   979                           
   980                           ;main.c: 68:                 buzzeron = 1;
   981     018F  3001               	movlw	1
   982     0190  07C2               	addwf	_ledtimer,f	;volatile
   983     0191  1803               	skipnc
   984     0192  0AC3               	incf	_ledtimer+1,f	;volatile
   985     0193  3000               	movlw	0
   986     0194  07C3               	addwf	_ledtimer+1,f	;volatile
   987                           
   988                           ;main.c: 69:             } else {
   989     0195  3001               	movlw	1
   990     0196  07C0               	addwf	_buttonstimer,f	;volatile
   991     0197  1803               	skipnc
   992     0198  0AC1               	incf	_buttonstimer+1,f	;volatile
   993     0199  3000               	movlw	0
   994     019A  07C1               	addwf	_buttonstimer+1,f	;volatile
   995                           
   996                           ;main.c: 70:                 buzzeron = 0;
   997     019B  3001               	movlw	1
   998     019C  07BE               	addwf	_adtimer,f	;volatile
   999     019D  1803               	skipnc
  1000     019E  0ABF               	incf	_adtimer+1,f	;volatile
  1001     019F  3000               	movlw	0
  1002     01A0  07BF               	addwf	_adtimer+1,f	;volatile
  1003     01A1                     i1l914:
  1004                           
  1005                           ;main.c: 72:                 processstarted = 0;
  1006     01A1  034A               	decf	_starttimer,w	;volatile
  1007     01A2  1D03               	btfss	3,2
  1008     01A3  29A5               	goto	u53_21
  1009     01A4  29A6               	goto	u53_20
  1010     01A5                     u53_21:
  1011     01A5  29E4               	goto	i1l934
  1012     01A6                     u53_20:
  1013     01A6                     i1l916:
  1014                           
  1015                           ;main.c: 73:                 finalbuzzercounter = 0;
  1016     01A6  3001               	movlw	1
  1017     01A7  07B4               	addwf	_counttime,f	;volatile
  1018     01A8  1803               	skipnc
  1019     01A9  0AB5               	incf	_counttime+1,f	;volatile
  1020     01AA  3000               	movlw	0
  1021     01AB  07B5               	addwf	_counttime+1,f	;volatile
  1022     01AC                     i1l918:
  1023                           
  1024                           ;main.c: 74:                 finalbuzzer = 0;
  1025     01AC  0834               	movf	_counttime,w	;volatile
  1026     01AD  025B               	subwf	_finalquantity,w	;volatile
  1027     01AE  00D0               	movwf	??_ISR
  1028     01AF  0835               	movf	_counttime+1,w	;volatile
  1029     01B0  1C03               	skipc
  1030     01B1  0A35               	incf	_counttime+1,w	;volatile
  1031     01B2  025C               	subwf	_finalquantity+1,w	;volatile
  1032     01B3  00D1               	movwf	??_ISR+1
  1033     01B4  0851               	movf	??_ISR+1,w
  1034     01B5  3A80               	xorlw	128
  1035     01B6  00DF               	movwf	btemp+1
  1036     01B7  3080               	movlw	128
  1037     01B8  025F               	subwf	btemp+1,w
  1038     01B9  1D03               	skipz
  1039     01BA  29BD               	goto	u54_25
  1040     01BB  3001               	movlw	1
  1041     01BC  0250               	subwf	??_ISR,w
  1042     01BD                     u54_25:
  1043     01BD  1803               	skipnc
  1044     01BE  29C0               	goto	u54_21
  1045     01BF  29C1               	goto	u54_20
  1046     01C0                     u54_21:
  1047     01C0  29E4               	goto	i1l934
  1048     01C1                     u54_20:
  1049     01C1                     i1l920:
  1050                           
  1051                           ;main.c: 75:                 while(1);
  1052     01C1  1283               	bcf	3,5	;RP0=0, select bank0
  1053     01C2  01B4               	clrf	_counttime	;volatile
  1054     01C3  01B5               	clrf	_counttime+1	;volatile
  1055     01C4                     i1l922:
  1056                           
  1057                           ;main.c: 76:             }
  1058     01C4  3001               	movlw	1
  1059     01C5  07B0               	addwf	_longtimecounter,f	;volatile
  1060     01C6  1803               	skipnc
  1061     01C7  0AB1               	incf	_longtimecounter+1,f	;volatile
  1062     01C8  3000               	movlw	0
  1063     01C9  07B1               	addwf	_longtimecounter+1,f	;volatile
  1064     01CA                     i1l924:
  1065                           
  1066                           ;main.c: 77:         }
  1067     01CA  0831               	movf	_longtimecounter+1,w	;volatile
  1068     01CB  3A80               	xorlw	128
  1069     01CC  00DF               	movwf	btemp+1
  1070     01CD  3080               	movlw	128
  1071     01CE  025F               	subwf	btemp+1,w
  1072     01CF  1D03               	skipz
  1073     01D0  29D3               	goto	u55_25
  1074     01D1  3090               	movlw	144
  1075     01D2  0230               	subwf	_longtimecounter,w	;volatile
  1076     01D3                     u55_25:
  1077     01D3  1C03               	skipc
  1078     01D4  29D6               	goto	u55_21
  1079     01D5  29D7               	goto	u55_20
  1080     01D6                     u55_21:
  1081     01D6  29E4               	goto	i1l934
  1082     01D7                     u55_20:
  1083     01D7                     i1l926:
  1084                           
  1085                           ;main.c: 78: 
  1086     01D7  1283               	bcf	3,5	;RP0=0, select bank0
  1087     01D8  01DB               	clrf	_finalquantity	;volatile
  1088     01D9  01DC               	clrf	_finalquantity+1	;volatile
  1089                           
  1090                           ;main.c: 79:         if (ledtimer >= 200 && processbuttonclicks > 0 && canstartblinking 
      +                          == 1) {
  1091     01DA  01CA               	clrf	_starttimer	;volatile
  1092     01DB                     i1l928:
  1093                           
  1094                           ;main.c: 80:             processbuttonclicks--;
  1095     01DB  0346               	decf	_processstarted,w	;volatile
  1096     01DC  1D03               	btfss	3,2
  1097     01DD  29DF               	goto	u56_21
  1098     01DE  29E0               	goto	u56_20
  1099     01DF                     u56_21:
  1100     01DF  29E4               	goto	i1l101
  1101     01E0                     u56_20:
  1102     01E0                     i1l930:
  1103                           
  1104                           ;main.c: 81:             ledtimer = 0;
  1105     01E0  3001               	movlw	1
  1106     01E1  00C8               	movwf	_finalbuzzer	;volatile
  1107     01E2                     i1l932:
  1108                           
  1109                           ;main.c: 82: 
  1110     01E2  01C6               	clrf	_processstarted	;volatile
  1111     01E3  29E4               	goto	i1l934
  1112     01E4                     i1l101:	
  1113                           ;main.c: 85:                 buzzeron = 0;
  1114                           
  1115     01E4                     i1l934:
  1116                           
  1117                           ;main.c: 88:                 buzzeron = 1;
  1118     01E4  1283               	bcf	3,5	;RP0=0, select bank0
  1119     01E5  0348               	decf	_finalbuzzer,w	;volatile
  1120     01E6  1D03               	btfss	3,2
  1121     01E7  29E9               	goto	u57_21
  1122     01E8  29EA               	goto	u57_20
  1123     01E9                     u57_21:
  1124     01E9  2A0B               	goto	i1l946
  1125     01EA                     u57_20:
  1126     01EA                     i1l936:
  1127                           
  1128                           ;main.c: 89:             }
  1129     01EA  3001               	movlw	1
  1130     01EB  07B2               	addwf	_finalbuzzercounter,f	;volatile
  1131     01EC  1803               	skipnc
  1132     01ED  0AB3               	incf	_finalbuzzercounter+1,f	;volatile
  1133     01EE  3000               	movlw	0
  1134     01EF  07B3               	addwf	_finalbuzzercounter+1,f	;volatile
  1135     01F0                     i1l938:
  1136                           
  1137                           ;main.c: 90:         } else if (processbuttonclicks <= 0 && canstartblinking == 1) {
  1138     01F0  01CB               	clrf	_canstartblinking	;volatile
  1139     01F1                     i1l940:
  1140                           
  1141                           ;main.c: 91: 
  1142     01F1  0833               	movf	_finalbuzzercounter+1,w	;volatile
  1143     01F2  3A80               	xorlw	128
  1144     01F3  00DF               	movwf	btemp+1
  1145     01F4  308B               	movlw	139
  1146     01F5  025F               	subwf	btemp+1,w
  1147     01F6  1D03               	skipz
  1148     01F7  29FA               	goto	u58_25
  1149     01F8  30B9               	movlw	185
  1150     01F9  0232               	subwf	_finalbuzzercounter,w	;volatile
  1151     01FA                     u58_25:
  1152     01FA  1803               	skipnc
  1153     01FB  29FD               	goto	u58_21
  1154     01FC  29FE               	goto	u58_20
  1155     01FD                     u58_21:
  1156     01FD  2A02               	goto	i1l944
  1157     01FE                     u58_20:
  1158     01FE                     i1l942:
  1159                           
  1160                           ;main.c: 92:             start = 0;
  1161     01FE  3001               	movlw	1
  1162     01FF  1283               	bcf	3,5	;RP0=0, select bank0
  1163     0200  00C7               	movwf	_buzzeron	;volatile
  1164                           
  1165                           ;main.c: 93:             buzzeron = 0;
  1166     0201  2A0B               	goto	i1l946
  1167     0202                     i1l944:
  1168                           
  1169                           ;main.c: 94: 
  1170     0202  1283               	bcf	3,5	;RP0=0, select bank0
  1171     0203  01C7               	clrf	_buzzeron	;volatile
  1172                           
  1173                           ;main.c: 95: 
  1174     0204  01BA               	clrf	_processbuttonclicks	;volatile
  1175     0205  01BB               	clrf	_processbuttonclicks+1	;volatile
  1176                           
  1177                           ;main.c: 96: 
  1178     0206  01C6               	clrf	_processstarted	;volatile
  1179                           
  1180                           ;main.c: 97: 
  1181     0207  01B2               	clrf	_finalbuzzercounter	;volatile
  1182     0208  01B3               	clrf	_finalbuzzercounter+1	;volatile
  1183                           
  1184                           ;main.c: 98: 
  1185     0209  01C8               	clrf	_finalbuzzer	;volatile
  1186     020A                     i1l107:	
  1187                           ;main.c: 99:             if (timecontrol == 4) finalquantity = 25000;
  1188                           
  1189     020A                     i1l108:
  1190     020A  2A0A               	goto	i1l107
  1191     020B                     i1l946:
  1192                           
  1193                           ;main.c: 103:             else finalquantity = 0;
  1194     020B  0843               	movf	_ledtimer+1,w	;volatile
  1195     020C  3A80               	xorlw	128
  1196     020D  00DF               	movwf	btemp+1
  1197     020E  3080               	movlw	128
  1198     020F  025F               	subwf	btemp+1,w
  1199     0210  1D03               	skipz
  1200     0211  2A14               	goto	u59_25
  1201     0212  30C8               	movlw	200
  1202     0213  0242               	subwf	_ledtimer,w	;volatile
  1203     0214                     u59_25:
  1204     0214  1C03               	skipc
  1205     0215  2A17               	goto	u59_21
  1206     0216  2A18               	goto	u59_20
  1207     0217                     u59_21:
  1208     0217  2A40               	goto	i1l960
  1209     0218                     u59_20:
  1210     0218                     i1l948:
  1211     0218  1283               	bcf	3,5	;RP0=0, select bank0
  1212     0219  083B               	movf	_processbuttonclicks+1,w	;volatile
  1213     021A  3A80               	xorlw	128
  1214     021B  00DF               	movwf	btemp+1
  1215     021C  3080               	movlw	128
  1216     021D  025F               	subwf	btemp+1,w
  1217     021E  1D03               	skipz
  1218     021F  2A22               	goto	u60_25
  1219     0220  3001               	movlw	1
  1220     0221  023A               	subwf	_processbuttonclicks,w	;volatile
  1221     0222                     u60_25:
  1222     0222  1C03               	skipc
  1223     0223  2A25               	goto	u60_21
  1224     0224  2A26               	goto	u60_20
  1225     0225                     u60_21:
  1226     0225  2A40               	goto	i1l960
  1227     0226                     u60_20:
  1228     0226                     i1l950:
  1229     0226  1283               	bcf	3,5	;RP0=0, select bank0
  1230     0227  034B               	decf	_canstartblinking,w	;volatile
  1231     0228  1D03               	btfss	3,2
  1232     0229  2A2B               	goto	u61_21
  1233     022A  2A2C               	goto	u61_20
  1234     022B                     u61_21:
  1235     022B  2A40               	goto	i1l960
  1236     022C                     u61_20:
  1237     022C                     i1l952:
  1238                           
  1239                           ;main.c: 104:             if (starttimer == 0 && finalbuzzer == 0) {
  1240     022C  30FF               	movlw	255
  1241     022D  07BA               	addwf	_processbuttonclicks,f	;volatile
  1242     022E  1803               	skipnc
  1243     022F  0ABB               	incf	_processbuttonclicks+1,f	;volatile
  1244     0230  30FF               	movlw	255
  1245     0231  07BB               	addwf	_processbuttonclicks+1,f	;volatile
  1246     0232                     i1l954:
  1247                           
  1248                           ;main.c: 105:                 starttimer = 1;
  1249     0232  01C2               	clrf	_ledtimer	;volatile
  1250     0233  01C3               	clrf	_ledtimer+1	;volatile
  1251     0234                     i1l956:
  1252                           
  1253                           ;main.c: 107:             }
  1254     0234  183A               	btfsc	_processbuttonclicks,0	;volatile
  1255     0235  2A37               	goto	u62_21
  1256     0236  2A38               	goto	u62_20
  1257     0237                     u62_21:
  1258     0237  2A3B               	goto	i1l111
  1259     0238                     u62_20:
  1260     0238                     i1l958:
  1261                           
  1262                           ;main.c: 108:         }
  1263     0238  01CD               	clrf	_start	;volatile
  1264                           
  1265                           ;main.c: 109: 
  1266     0239  01C7               	clrf	_buzzeron	;volatile
  1267                           
  1268                           ;main.c: 110:         if ((start == 1 && starttimer == 0) || (starttimer == 1 && finalqu
      +                          antity != 0) || buzzeron == 1) {
  1269     023A  2A90               	goto	i1l992
  1270     023B                     i1l111:
  1271                           
  1272                           ;main.c: 111:             GP5 = 1;
  1273     023B  3001               	movlw	1
  1274     023C  00CD               	movwf	_start	;volatile
  1275                           
  1276                           ;main.c: 112:             if (buzzeron == 1) {
  1277     023D  3001               	movlw	1
  1278     023E  00C7               	movwf	_buzzeron	;volatile
  1279     023F  2A90               	goto	i1l992
  1280     0240                     i1l960:
  1281     0240  1283               	bcf	3,5	;RP0=0, select bank0
  1282     0241  083B               	movf	_processbuttonclicks+1,w	;volatile
  1283     0242  3A80               	xorlw	128
  1284     0243  00DF               	movwf	btemp+1
  1285     0244  3080               	movlw	128
  1286     0245  025F               	subwf	btemp+1,w
  1287     0246  1D03               	skipz
  1288     0247  2A4A               	goto	u63_25
  1289     0248  3001               	movlw	1
  1290     0249  023A               	subwf	_processbuttonclicks,w	;volatile
  1291     024A                     u63_25:
  1292     024A  1803               	skipnc
  1293     024B  2A4D               	goto	u63_21
  1294     024C  2A4E               	goto	u63_20
  1295     024D                     u63_21:
  1296     024D  2A90               	goto	i1l992
  1297     024E                     u63_20:
  1298     024E                     i1l962:
  1299     024E  1283               	bcf	3,5	;RP0=0, select bank0
  1300     024F  034B               	decf	_canstartblinking,w	;volatile
  1301     0250  1D03               	btfss	3,2
  1302     0251  2A53               	goto	u64_21
  1303     0252  2A54               	goto	u64_20
  1304     0253                     u64_21:
  1305     0253  2A90               	goto	i1l992
  1306     0254                     u64_20:
  1307     0254                     i1l964:
  1308                           
  1309                           ;main.c: 116:             }
  1310     0254  01CD               	clrf	_start	;volatile
  1311                           
  1312                           ;main.c: 117:         } else {
  1313     0255  01C7               	clrf	_buzzeron	;volatile
  1314     0256                     i1l966:
  1315                           
  1316                           ;main.c: 123:         TMR0 = 6;
  1317     0256  3004               	movlw	4
  1318     0257  0649               	xorwf	_timecontrol,w	;volatile
  1319     0258  1D03               	btfss	3,2
  1320     0259  2A5B               	goto	u65_21
  1321     025A  2A5C               	goto	u65_20
  1322     025B                     u65_21:
  1323     025B  2A61               	goto	i1l970
  1324     025C                     u65_20:
  1325     025C                     i1l968:
  1326     025C  30A8               	movlw	168
  1327     025D  00DB               	movwf	_finalquantity	;volatile
  1328     025E  3061               	movlw	97
  1329     025F  00DC               	movwf	_finalquantity+1	;volatile
  1330     0260  2A83               	goto	i1l984
  1331     0261                     i1l970:
  1332     0261  3003               	movlw	3
  1333     0262  0649               	xorwf	_timecontrol,w	;volatile
  1334     0263  1D03               	btfss	3,2
  1335     0264  2A66               	goto	u66_21
  1336     0265  2A67               	goto	u66_20
  1337     0266                     u66_21:
  1338     0266  2A6C               	goto	i1l974
  1339     0267                     u66_20:
  1340     0267                     i1l972:
  1341     0267  303E               	movlw	62
  1342     0268  00DB               	movwf	_finalquantity	;volatile
  1343     0269  3049               	movlw	73
  1344     026A  00DC               	movwf	_finalquantity+1	;volatile
  1345     026B  2A83               	goto	i1l984
  1346     026C                     i1l974:
  1347     026C  3002               	movlw	2
  1348     026D  0649               	xorwf	_timecontrol,w	;volatile
  1349     026E  1D03               	btfss	3,2
  1350     026F  2A71               	goto	u67_21
  1351     0270  2A72               	goto	u67_20
  1352     0271                     u67_21:
  1353     0271  2A77               	goto	i1l978
  1354     0272                     u67_20:
  1355     0272                     i1l976:
  1356     0272  30D4               	movlw	212
  1357     0273  00DB               	movwf	_finalquantity	;volatile
  1358     0274  3030               	movlw	48
  1359     0275  00DC               	movwf	_finalquantity+1	;volatile
  1360     0276  2A83               	goto	i1l984
  1361     0277                     i1l978:
  1362     0277  0349               	decf	_timecontrol,w	;volatile
  1363     0278  1D03               	btfss	3,2
  1364     0279  2A7B               	goto	u68_21
  1365     027A  2A7C               	goto	u68_20
  1366     027B                     u68_21:
  1367     027B  2A81               	goto	i1l982
  1368     027C                     u68_20:
  1369     027C                     i1l980:
  1370     027C  306A               	movlw	106
  1371     027D  00DB               	movwf	_finalquantity	;volatile
  1372     027E  3018               	movlw	24
  1373     027F  00DC               	movwf	_finalquantity+1	;volatile
  1374     0280  2A83               	goto	i1l984
  1375     0281                     i1l982:
  1376     0281  01DB               	clrf	_finalquantity	;volatile
  1377     0282  01DC               	clrf	_finalquantity+1	;volatile
  1378     0283                     i1l984:
  1379                           
  1380                           ;main.c: 128: 
  1381     0283  084A               	movf	_starttimer,w	;volatile
  1382     0284  1D03               	btfss	3,2
  1383     0285  2A87               	goto	u69_21
  1384     0286  2A88               	goto	u69_20
  1385     0287                     u69_21:
  1386     0287  2A90               	goto	i1l992
  1387     0288                     u69_20:
  1388     0288                     i1l986:
  1389     0288  0848               	movf	_finalbuzzer,w	;volatile
  1390     0289  1D03               	btfss	3,2
  1391     028A  2A8C               	goto	u70_21
  1392     028B  2A8D               	goto	u70_20
  1393     028C                     u70_21:
  1394     028C  2A90               	goto	i1l992
  1395     028D                     u70_20:
  1396     028D                     i1l988:
  1397                           
  1398                           ;main.c: 129:     CMCON = 0x07;
  1399     028D  3001               	movlw	1
  1400     028E  00CA               	movwf	_starttimer	;volatile
  1401     028F                     i1l990:
  1402                           
  1403                           ;main.c: 130: 
  1404     028F  01CB               	clrf	_canstartblinking	;volatile
  1405     0290                     i1l992:
  1406                           
  1407                           ;main.c: 134:     WPU = 0X00;
  1408     0290  1283               	bcf	3,5	;RP0=0, select bank0
  1409     0291  034D               	decf	_start,w	;volatile
  1410     0292  1D03               	btfss	3,2
  1411     0293  2A95               	goto	u71_21
  1412     0294  2A96               	goto	u71_20
  1413     0295                     u71_21:
  1414     0295  2A9B               	goto	i1l996
  1415     0296                     u71_20:
  1416     0296                     i1l994:
  1417     0296  084A               	movf	_starttimer,w	;volatile
  1418     0297  1903               	btfsc	3,2
  1419     0298  2A9A               	goto	u72_21
  1420     0299  2A9B               	goto	u72_20
  1421     029A                     u72_21:
  1422     029A  2AAB               	goto	i1l126
  1423     029B                     u72_20:
  1424     029B                     i1l996:
  1425     029B  034A               	decf	_starttimer,w	;volatile
  1426     029C  1D03               	btfss	3,2
  1427     029D  2A9F               	goto	u73_21
  1428     029E  2AA0               	goto	u73_20
  1429     029F                     u73_21:
  1430     029F  2AA6               	goto	i1l1000
  1431     02A0                     u73_20:
  1432     02A0                     i1l998:
  1433     02A0  085B               	movf	_finalquantity,w	;volatile
  1434     02A1  045C               	iorwf	_finalquantity+1,w	;volatile
  1435     02A2  1D03               	btfss	3,2
  1436     02A3  2AA5               	goto	u74_21
  1437     02A4  2AA6               	goto	u74_20
  1438     02A5                     u74_21:
  1439     02A5  2AAB               	goto	i1l126
  1440     02A6                     u74_20:
  1441     02A6                     i1l1000:
  1442     02A6  0347               	decf	_buzzeron,w	;volatile
  1443     02A7  1D03               	btfss	3,2
  1444     02A8  2AAA               	goto	u75_21
  1445     02A9  2AAB               	goto	u75_20
  1446     02AA                     u75_21:
  1447     02AA  2AB5               	goto	i1l124
  1448     02AB                     u75_20:
  1449     02AB                     i1l126:
  1450                           
  1451                           ;main.c: 135:     TMR0 = 0;
  1452     02AB  1685               	bsf	5,5	;volatile
  1453     02AC                     i1l1002:
  1454                           
  1455                           ;main.c: 136: 
  1456     02AC  0347               	decf	_buzzeron,w	;volatile
  1457     02AD  1D03               	btfss	3,2
  1458     02AE  2AB0               	goto	u76_21
  1459     02AF  2AB1               	goto	u76_20
  1460     02B0                     u76_21:
  1461     02B0  2AB3               	goto	i1l131
  1462     02B1                     u76_20:
  1463     02B1                     i1l1004:
  1464                           
  1465                           ;main.c: 137: 
  1466     02B1  1505               	bsf	5,2	;volatile
  1467                           
  1468                           ;main.c: 138: 
  1469     02B2  2AB7               	goto	i1l133
  1470     02B3                     i1l131:
  1471                           
  1472                           ;main.c: 139: 
  1473     02B3  1105               	bcf	5,2	;volatile
  1474     02B4  2AB7               	goto	i1l133
  1475     02B5                     i1l124:
  1476                           
  1477                           ;main.c: 142:     OPTION_REG = 0X81;
  1478     02B5  1285               	bcf	5,5	;volatile
  1479                           
  1480                           ;main.c: 143:     INTCON = 0XE0;
  1481     02B6  1105               	bcf	5,2	;volatile
  1482     02B7                     i1l133:	
  1483                           ;main.c: 144:     TRISIO = 0X03;
  1484                           
  1485                           
  1486                           ;main.c: 146:     for (;;) {
  1487     02B7  110B               	bcf	11,2	;volatile
  1488                           
  1489                           ;main.c: 147:         __asm("clrwdt");
  1490     02B8  3006               	movlw	6
  1491     02B9  0081               	movwf	1	;volatile
  1492     02BA                     i1l134:
  1493     02BA  0854               	movf	??_ISR+4,w
  1494     02BB  0853               	movf	??_ISR+3,w
  1495     02BC  008A               	movwf	10
  1496     02BD  0E52               	swapf	??_ISR+2,w
  1497     02BE  0083               	movwf	3
  1498     02BF  0EDE               	swapf	btemp,f
  1499     02C0  0E5E               	swapf	btemp,w
  1500     02C1  0009               	retfie
  1501     02C2                     __end_of_ISR:
  1502     0000                     ___latbits      equ	0
  1503     005E                     btemp           set	94	;btemp
  1504     005E                     wtemp0          set	94
  1505                           
  1506                           	psect	intentry
  1507     0004                     __pintentry:	
  1508                           ;incstack = 0
  1509                           ; Regs used in _ISR: [wreg+status,2+status,0+btemp+1]
  1510                           
  1511     0004                     interrupt_function:
  1512     005E                     saved_w         set	btemp
  1513     0004  00DE               	movwf	btemp
  1514     0005  0E03               	swapf	3,w
  1515     0006  1283               	bcf	3,5	;RP0=0, select bank0
  1516     0007  00D2               	movwf	??_ISR+2
  1517     0008  080A               	movf	10,w
  1518     0009  00D3               	movwf	??_ISR+3
  1519     000A  085F               	movf	btemp+1,w
  1520     000B  00D4               	movwf	??_ISR+4
  1521     000C  298B               	ljmp	_ISR
  1522                           
  1523                           	psect	config
  1524                           
  1525                           ;Config register CONFIG @ 0x2007
  1526                           ;	Oscillator Selection bits
  1527                           ;	FOSC = INTRCIO, INTOSC oscillator: I/O function on GP4/OSC2/CLKOUT pin, I/O function o
      +                          n GP5/OSC1/CLKIN
  1528                           ;	Watchdog Timer Enable bit
  1529                           ;	WDTE = ON, WDT enabled
  1530                           ;	Power-Up Timer Enable bit
  1531                           ;	PWRTE = OFF, PWRT disabled
  1532                           ;	GP3/MCLR pin function select
  1533                           ;	MCLRE = OFF, GP3/MCLR pin function is digital I/O, MCLR internally tied to VDD
  1534                           ;	Brown-out Detect Enable bit
  1535                           ;	BOREN = OFF, BOD disabled
  1536                           ;	Code Protection bit
  1537                           ;	CP = OFF, Program Memory code protection is disabled
  1538                           ;	Data Code Protection bit
  1539                           ;	CPD = OFF, Data memory code protection is disabled
  1540     2007                     	org	8199
  1541     2007  319C               	dw	12700

Data Sizes:
    Strings     0
    Constant    0
    Data        2
    BSS         48
    Persistent  0
    Stack       0

Auto Spaces:
    Space          Size  Autos    Used
    COMMON            0      0       0
    BANK0            62     11      61

Pointer List with Targets:

    None.

Critical Paths under _main in COMMON

    None.

Critical Paths under _ISR in COMMON

    None.

Critical Paths under _main in BANK0

    _main->_Read_Adc

Critical Paths under _ISR in BANK0

    None.

Call Graph Tables:

 ---------------------------------------------------------------------------------
 (Depth) Function   	        Calls       Base Space   Used Autos Params    Refs
 ---------------------------------------------------------------------------------
 (0) _main                                                 4     4      0      45
                                              7 BANK0      4     4      0
                           _Read_Adc
 ---------------------------------------------------------------------------------
 (1) _Read_Adc                                             2     0      2       0
                                              5 BANK0      2     0      2
 ---------------------------------------------------------------------------------
 Estimated maximum stack depth 1
 ---------------------------------------------------------------------------------
 (Depth) Function   	        Calls       Base Space   Used Autos Params    Refs
 ---------------------------------------------------------------------------------
 (2) _ISR                                                  5     5      0       0
                                              0 BANK0      5     5      0
 ---------------------------------------------------------------------------------
 Estimated maximum stack depth 2
 ---------------------------------------------------------------------------------

 Call Graph Graphs:

 _main (ROOT)
   _Read_Adc

 _ISR (ROOT)

Address spaces:
Name               Size   Autos  Total    Usage
BANK0               62     11      61     98.4%
BITBANK0            62      0       0      0.0%
COMMON               0      0       0      0.0%
BITCOMMON            0      0       0      0.0%
DATA                 0      0      61      0.0%
STACK                0      0       0      0.0%


Microchip Technology PIC Macro Assembler V2.50 build 20240725155939 
Symbol Table                                                                                   Sun May 03 14:31:20 2026

                     l91 02C4                       l94 02CE                       _d1 0026  
                     _d2 0024                       _d3 0022                       fsr 0004  
                    l162 0189                      l154 0143                      l146 00D7  
                    l163 0189                      l139 002F                      l904 02C2  
                    l906 02C8                      _GP2 002A                      _GP5 002D  
                    u510 02C8                      u511 02C7                      _ISR 018B  
                    u800 007B                      u801 007A                      u810 008A  
                    u811 0089                      u900 0104                      u820 009F  
                    u901 0103                      u821 009E                      u805 0077  
                    u910 010A                      u830 00AE                      u911 0109  
                    u831 00AD                      u815 0086                      u920 010F  
                    u840 00BD                      u921 010E                      u841 00BC  
                    u825 009B                      u930 0114                      u850 00CC  
                    u770 003E                      u931 0113                      u851 00CB  
                    u835 00AA                      u771 003D                      u940 011D  
                    u860 00E1                      u780 005D                      u941 011C  
                    u861 00DF                      u845 00B9                      u781 005C  
                    u950 012B                      u870 00E2                      u790 006C  
                    u951 012A                      u855 00C8                      u791 006B  
                    u775 003A                      u960 013E                      u880 00F1  
                    u961 013D                      u881 00F0                      u785 0059  
                    u970 0156                      u890 00FA                      u971 0155  
                    u891 00F9                      u795 0068                      u980 015F  
                    u981 015E                      u965 013A                      u990 0172  
                    u991 0171                      u975 0152                      u995 016E  
     _buttontimercounter 0036                      _WPU 0095                      indf 0000  
            _startbutton 004C                     ?_ISR 0050                     l1010 0026  
                   l1020 003E                     l1012 0029                     l1030 005D  
                   l1022 0041                     l1014 002B                     l1006 0019  
                   l1040 009F                     l1032 006C                     l1024 0045  
                   l1016 002D                     l1008 0022                     l1050 00F1  
                   l1042 00AE                     l1034 007B                     l1026 0049  
                   l1018 0030                     l1060 010F                     l1052 00FA  
                   l1044 00BD                     l1036 008A                     l1028 004F  
                   l1070 012B                     l1062 0114                     l1054 00FE  
                   l1046 00CC                     l1038 0090                     l1080 0156  
                   l1072 012F                     l1064 011D                     l1056 0104  
                   l1048 00D2                     l1090 0177                     l1082 0159  
                   l1074 0131                     l1066 0123                     l1058 010A  
                   l1092 017C                     l1084 015F                     l1076 013E  
                   l1068 0125                     l1094 0180                     l1086 0165  
                   l1078 0148                     l1088 0172                     l1096 0182  
                   u1000 0189                     _T0IF 005A                     u1001 0188  
                   _TMR0 0001                     _main 0019                     btemp 005E  
                   start 000D                    ??_ISR 0050                    ?_main 0050  
                  _CMCON 0019                    _ANSEL 009F                    i1l101 01E4  
                  i1l111 023B                    i1l131 02B3                    i1l107 020A  
                  i1l124 02B5                    i1l108 020A                    i1l133 02B7  
                  i1l126 02AB                    i1l134 02BA                    i1l910 018B  
                  i1l920 01C1                    i1l912 018F                    i1l930 01E0  
                  i1l922 01C4                    i1l914 01A1                    i1l940 01F1  
                  i1l932 01E2                    i1l924 01CA                    i1l916 01A6  
                  i1l950 0226                    i1l942 01FE                    i1l926 01D7  
                  i1l918 01AC                    i1l934 01E4                    i1l952 022C  
                  i1l960 0240                    i1l944 0202                    i1l936 01EA  
                  i1l928 01DB                    i1l970 0261                    i1l962 024E  
                  i1l954 0232                    i1l938 01F0                    i1l946 020B  
                  i1l980 027C                    i1l972 0267                    i1l964 0254  
                  i1l956 0234                    i1l948 0218                    i1l990 028F  
                  i1l982 0281                    i1l974 026C                    i1l966 0256  
                  i1l958 0238                    i1l976 0272                    i1l984 0283  
                  i1l968 025C                    i1l992 0290                    i1l994 0296  
                  i1l986 0288                    i1l978 0277                    i1l996 029B  
                  i1l988 028D                    i1l998 02A0                    u60_20 0226  
                  u52_20 018F                    u60_21 0225                    u52_21 018E  
                  u60_25 0222                    u61_20 022C                    u53_20 01A6  
                  u61_21 022B                    u53_21 01A5                    u70_20 028D  
                  u62_20 0238                    u54_20 01C1                    u70_21 028C  
                  u62_21 0237                    u54_21 01C0                    u54_25 01BD  
                  u71_20 0296                    u63_20 024E                    u55_20 01D7  
                  u71_21 0295                    u63_21 024D                    u55_21 01D6  
                  u63_25 024A                    u55_25 01D3                    u72_20 029B  
                  u64_20 0254                    u56_20 01E0                    u72_21 029A  
                  u64_21 0253                    u56_21 01DF                    u73_20 02A0  
                  u65_20 025C                    u57_20 01EA                    u73_21 029F  
                  u65_21 025B                    u57_21 01E9                    u74_20 02A6  
                  u66_20 0267                    u58_20 01FE                    u74_21 02A5  
                  u66_21 0266                    u58_21 01FD                    u58_25 01FA  
                  u75_20 02AB                    u67_20 0272                    u59_20 0218  
                  u75_21 02AA                    u67_21 0271                    u59_21 0217  
                  u59_25 0214                    u76_20 02B1                    u68_20 027C  
                  u76_21 02B0                    u68_21 027B                    u69_20 0288  
                  u69_21 0287                    _start 004D                    pclath 000A  
                  status 0003                    wtemp0 005E          __initialization 000E  
           __end_of_main 018B         __end_of_Read_Adc 02CF                   ??_main 0057  
                 _ADCON0 001F                   _ADRESH 001E                   _ADRESL 009E  
                 i1l1000 02A6                   i1l1002 02AC                   i1l1004 02B1  
                 _INTCON 000B                   _OSCCAL 0090                   _TRISIO 0085  
                 saved_w 005E  __end_of__initialization 0017           __pcstackCOMMON 0000  
           __pidataBANK0 02D7               __pbssBANK0 0020                ?_Read_Adc 0055  
             __pmaintext 0019               __pintentry 0004            _buttonpressed 0044  
             ??_Read_Adc 0000               _currentadc 0028                  _adtimer 003E  
                __ptext1 02C2                  __ptext2 018B           _last_adc_state 0020  
        _longtimecounter 0030                  clrloop0 02D0     end_of_initialization 0017  
_enterbuttontimercounter 0038       _finalbuzzercounter 0032               _starttimer 004A  
    _processbuttonclicks 003A      start_initialization 000E              __end_of_ISR 02C2  
            __pdataBANK0 005B                ___latbits 0000            __pcstackBANK0 0050  
              _adc_value 003C    main@current_adc_state 0059             _buttonclicks 004E  
           _buttonstimer 0040                _counttime 0034        interrupt_function 0004  
              _secondadc 002A                clear_ram0 02CF        _dothemagicofreset 002E  
            _finalbuzzer 0048               _ADCON0bits 001F                 _Read_Adc 02C2  
               _ledtimer 0042                 _buzzeron 0047                 _thirdadc 002C  
         _processstarted 0046                 intlevel1 0000            _finalquantity 005B  
             _OPTION_REG 0081         _canstartblinking 004B              _timecontrol 0049  
